Archive member included because of file (symbol)

c:/program files (x86)/atmel/studio/7.0/toolchain/arm/arm-gnu-toolchain/bin/../lib/gcc/arm-none-eabi/4.9.3/../../../../arm-none-eabi/lib/armv7e-m\libc.a(lib_a-exit.o)
                              c:/program files (x86)/atmel/studio/7.0/toolchain/arm/arm-gnu-toolchain/bin/../lib/gcc/arm-none-eabi/4.9.3/../../../../arm-none-eabi/lib/armv7e-m/crt0.o (exit)
c:/program files (x86)/atmel/studio/7.0/toolchain/arm/arm-gnu-toolchain/bin/../lib/gcc/arm-none-eabi/4.9.3/../../../../arm-none-eabi/lib/armv7e-m\libc.a(lib_a-impure.o)
                              c:/program files (x86)/atmel/studio/7.0/toolchain/arm/arm-gnu-toolchain/bin/../lib/gcc/arm-none-eabi/4.9.3/../../../../arm-none-eabi/lib/armv7e-m\libc.a(lib_a-exit.o) (_global_impure_ptr)
c:/program files (x86)/atmel/studio/7.0/toolchain/arm/arm-gnu-toolchain/bin/../lib/gcc/arm-none-eabi/4.9.3/../../../../arm-none-eabi/lib/armv7e-m\libc.a(lib_a-init.o)
                              c:/program files (x86)/atmel/studio/7.0/toolchain/arm/arm-gnu-toolchain/bin/../lib/gcc/arm-none-eabi/4.9.3/../../../../arm-none-eabi/lib/armv7e-m/crt0.o (__libc_init_array)
c:/program files (x86)/atmel/studio/7.0/toolchain/arm/arm-gnu-toolchain/bin/../lib/gcc/arm-none-eabi/4.9.3/../../../../arm-none-eabi/lib/armv7e-m\libc.a(lib_a-iprintf.o)
                              src/ASF/sam/drivers/adc/adc.o (iprintf)
c:/program files (x86)/atmel/studio/7.0/toolchain/arm/arm-gnu-toolchain/bin/../lib/gcc/arm-none-eabi/4.9.3/../../../../arm-none-eabi/lib/armv7e-m\libc.a(lib_a-memset.o)
                              c:/program files (x86)/atmel/studio/7.0/toolchain/arm/arm-gnu-toolchain/bin/../lib/gcc/arm-none-eabi/4.9.3/../../../../arm-none-eabi/lib/armv7e-m/crt0.o (memset)
c:/program files (x86)/atmel/studio/7.0/toolchain/arm/arm-gnu-toolchain/bin/../lib/gcc/arm-none-eabi/4.9.3/../../../../arm-none-eabi/lib/armv7e-m\libc.a(lib_a-puts.o)
                              src/ASF/sam/drivers/adc/adc.o (puts)
c:/program files (x86)/atmel/studio/7.0/toolchain/arm/arm-gnu-toolchain/bin/../lib/gcc/arm-none-eabi/4.9.3/../../../../arm-none-eabi/lib/armv7e-m\libc.a(lib_a-strlen.o)
                              c:/program files (x86)/atmel/studio/7.0/toolchain/arm/arm-gnu-toolchain/bin/../lib/gcc/arm-none-eabi/4.9.3/../../../../arm-none-eabi/lib/armv7e-m\libc.a(lib_a-puts.o) (strlen)
c:/program files (x86)/atmel/studio/7.0/toolchain/arm/arm-gnu-toolchain/bin/../lib/gcc/arm-none-eabi/4.9.3/../../../../arm-none-eabi/lib/armv7e-m\libc.a(lib_a-vfiprintf.o)
                              c:/program files (x86)/atmel/studio/7.0/toolchain/arm/arm-gnu-toolchain/bin/../lib/gcc/arm-none-eabi/4.9.3/../../../../arm-none-eabi/lib/armv7e-m\libc.a(lib_a-iprintf.o) (_vfiprintf_r)
c:/program files (x86)/atmel/studio/7.0/toolchain/arm/arm-gnu-toolchain/bin/../lib/gcc/arm-none-eabi/4.9.3/../../../../arm-none-eabi/lib/armv7e-m\libc.a(lib_a-wsetup.o)
                              c:/program files (x86)/atmel/studio/7.0/toolchain/arm/arm-gnu-toolchain/bin/../lib/gcc/arm-none-eabi/4.9.3/../../../../arm-none-eabi/lib/armv7e-m\libc.a(lib_a-vfiprintf.o) (__swsetup_r)
c:/program files (x86)/atmel/studio/7.0/toolchain/arm/arm-gnu-toolchain/bin/../lib/gcc/arm-none-eabi/4.9.3/../../../../arm-none-eabi/lib/armv7e-m\libc.a(lib_a-__call_atexit.o)
                              c:/program files (x86)/atmel/studio/7.0/toolchain/arm/arm-gnu-toolchain/bin/../lib/gcc/arm-none-eabi/4.9.3/../../../../arm-none-eabi/lib/armv7e-m\libc.a(lib_a-exit.o) (__call_exitprocs)
c:/program files (x86)/atmel/studio/7.0/toolchain/arm/arm-gnu-toolchain/bin/../lib/gcc/arm-none-eabi/4.9.3/../../../../arm-none-eabi/lib/armv7e-m\libc.a(lib_a-atexit.o)
                              c:/program files (x86)/atmel/studio/7.0/toolchain/arm/arm-gnu-toolchain/bin/../lib/gcc/arm-none-eabi/4.9.3/../../../../arm-none-eabi/lib/armv7e-m\libc.a(lib_a-__call_atexit.o) (atexit)
c:/program files (x86)/atmel/studio/7.0/toolchain/arm/arm-gnu-toolchain/bin/../lib/gcc/arm-none-eabi/4.9.3/../../../../arm-none-eabi/lib/armv7e-m\libc.a(lib_a-fflush.o)
                              c:/program files (x86)/atmel/studio/7.0/toolchain/arm/arm-gnu-toolchain/bin/../lib/gcc/arm-none-eabi/4.9.3/../../../../arm-none-eabi/lib/armv7e-m\libc.a(lib_a-vfiprintf.o) (_fflush_r)
c:/program files (x86)/atmel/studio/7.0/toolchain/arm/arm-gnu-toolchain/bin/../lib/gcc/arm-none-eabi/4.9.3/../../../../arm-none-eabi/lib/armv7e-m\libc.a(lib_a-findfp.o)
                              c:/program files (x86)/atmel/studio/7.0/toolchain/arm/arm-gnu-toolchain/bin/../lib/gcc/arm-none-eabi/4.9.3/../../../../arm-none-eabi/lib/armv7e-m\libc.a(lib_a-vfiprintf.o) (__sinit)
c:/program files (x86)/atmel/studio/7.0/toolchain/arm/arm-gnu-toolchain/bin/../lib/gcc/arm-none-eabi/4.9.3/../../../../arm-none-eabi/lib/armv7e-m\libc.a(lib_a-fini.o)
[...]
Memory Configuration

Name             Origin             Length             Attributes
rom              0x00400000         0x00200000         xr
ram              0x20000000         0x00028000         xrw
*default*        0x00000000         0xffffffff

Linker script and memory map

LOAD c:/program files (x86)/atmel/studio/7.0/toolchain/arm/arm-gnu-toolchain/bin/../lib/gcc/arm-none-eabi/4.9.3/armv7e-m/crti.o
LOAD c:/program files (x86)/atmel/studio/7.0/toolchain/arm/arm-gnu-toolchain/bin/../lib/gcc/arm-none-eabi/4.9.3/armv7e-m/crtbegin.o
LOAD c:/program files (x86)/atmel/studio/7.0/toolchain/arm/arm-gnu-toolchain/bin/../lib/gcc/arm-none-eabi/4.9.3/../../../../arm-none-eabi/lib/armv7e-m/crt0.o
LOAD src/ASF/common/services/clock/sam4s/sysclk.o
LOAD src/ASF/common/services/serial/usart_serial.o
LOAD src/ASF/common/utils/interrupt/interrupt_sam_nvic.o
LOAD src/ASF/common/utils/stdio/read.o
LOAD src/ASF/common/utils/stdio/write.o
LOAD src/ASF/sam/boards/sam4s_ek2/init.o
LOAD src/ASF/sam/boards/sam4s_ek2/led.o
LOAD src/ASF/sam/components/display/aat31xx/aat31xx.o
LOAD src/ASF/sam/components/display/ili93xx/ili93xx.o
LOAD src/ASF/sam/drivers/adc/adc.o
LOAD src/ASF/sam/drivers/adc/adc_sam3u.o
LOAD src/ASF/sam/drivers/ebi/smc/smc.o
LOAD src/ASF/sam/drivers/pio/pio.o
LOAD src/ASF/sam/drivers/pio/pio_handler.o
LOAD src/ASF/sam/drivers/pmc/pmc.o
LOAD src/ASF/sam/drivers/pmc/sleep.o
LOAD src/ASF/sam/drivers/tc/tc.o
LOAD src/ASF/sam/drivers/uart/uart.o
LOAD src/ASF/sam/drivers/usart/usart.o
LOAD src/ASF/sam/utils/cmsis/sam4s/source/templates/gcc/startup_sam4s.o
LOAD src/ASF/sam/utils/cmsis/sam4s/source/templates/system_sam4s.o
LOAD src/ASF/sam/utils/syscalls/gcc/syscalls.o
LOAD src/ili93xx_example.o
START GROUP
LOAD ../src/ASF/thirdparty/CMSIS/Lib/GCC\libarm_cortexM4l_math.a
LOAD c:/program files (x86)/atmel/studio/7.0/toolchain/arm/arm-gnu-toolchain/bin/../lib/gcc/arm-none-eabi/4.9.3/../../../../arm-none-eabi/lib/armv7e-m\libm.a
END GROUP
START GROUP
LOAD c:/program files (x86)/atmel/studio/7.0/toolchain/arm/arm-gnu-toolchain/bin/../lib/gcc/arm-none-eabi/4.9.3/armv7e-m\libgcc.a
LOAD c:/program files (x86)/atmel/studio/7.0/toolchain/arm/arm-gnu-toolchain/bin/../lib/gcc/arm-none-eabi/4.9.3/../../../../arm-none-eabi/lib/armv7e-m\libc.a
END GROUP
LOAD c:/program files (x86)/atmel/studio/7.0/toolchain/arm/arm-gnu-toolchain/bin/../lib/gcc/arm-none-eabi/4.9.3/armv7e-m/crtend.o
LOAD c:/program files (x86)/atmel/studio/7.0/toolchain/arm/arm-gnu-toolchain/bin/../lib/gcc/arm-none-eabi/4.9.3/armv7e-m/crtn.o
                0x00003000                __stack_size__ = DEFINED (__stack_size__)?__stack_size__:0x3000
                0x20027ffc                __ram_end__ = ((ORIGIN (ram) + 0x28000) - 0x4)

.text           0x00400000     0x1744
                0x00400000                . = ALIGN (0x4)
                0x00400000                _sfixed = .
 *(.vectors .vectors.*)
 .vectors       0x00400000       0xcc src/ASF/sam/utils/cmsis/sam4s/source/templates/gcc/startup_sam4s.o
                0x00400000                exception_table
 *(.text .text.* .gnu.linkonce.t.*)
 .text          0x004000cc       0x5c c:/program files (x86)/atmel/studio/7.0/toolchain/arm/arm-gnu-toolchain/bin/../lib/gcc/arm-none-eabi/4.9.3/armv7e-m/crtbegin.o
 .text.sysclk_init
                0x00400128       0x64 src/ASF/common/services/clock/sam4s/sysclk.o
                0x00400128                sysclk_init
 .text.board_init
                0x0040018c       0xb8 src/ASF/sam/boards/sam4s_ek2/init.o
                0x0040018c                board_init
 .text.aat31xx_set_backlight
                0x00400244       0x5c src/ASF/sam/components/display/aat31xx/aat31xx.o
                0x00400244                aat31xx_set_backlight
 .text.aat31xx_disable_backlight
                0x004002a0       0x24 src/ASF/sam/components/display/aat31xx/aat31xx.o
                0x004002a0                aat31xx_disable_backlight
 .text.ili93xx_write_ram_prepare
                0x004002c4       0x30 src/ASF/sam/components/display/ili93xx/ili93xx.o
 .text.ili93xx_write_ram
                0x004002f4       0x18 src/ASF/sam/components/display/ili93xx/ili93xx.o
 .text.ili93xx_write_ram_buffer
                0x0040030c       0x60 src/ASF/sam/components/display/ili93xx/ili93xx.o
 .text.ili93xx_write_register_word
                0x0040036c       0x18 src/ASF/sam/components/display/ili93xx/ili93xx.o
 .text.ili93xx_write_register
                0x00400384       0x2c src/ASF/sam/components/display/ili93xx/ili93xx.o
 .text.ili93xx_delay
                0x004003b0       0x38 src/ASF/sam/components/display/ili93xx/ili93xx.o
 .text.ili93xx_check_box_coordinates
                0x004003e8       0x60 src/ASF/sam/components/display/ili93xx/ili93xx.o
 .text.ili93xx_device_type_identify
                0x00400448       0x7c src/ASF/sam/components/display/ili93xx/ili93xx.o
                0x00400448                ili93xx_device_type_identify
 .text.ili93xx_display_on
                0x004004c4       0x34 src/ASF/sam/components/display/ili93xx/ili93xx.o
                0x004004c4                ili93xx_display_on
 .text.ili93xx_set_foreground_color
                0x004004f8       0x18 src/ASF/sam/components/display/ili93xx/ili93xx.o
                0x004004f8                ili93xx_set_foreground_color
 .text.ili93xx_set_window
                0x00400510       0xa4 src/ASF/sam/components/display/ili93xx/ili93xx.o
                0x00400510                ili93xx_set_window
 .text.ili93xx_set_cursor_position
                0x004005b4       0x24 src/ASF/sam/components/display/ili93xx/ili93xx.o
                0x004005b4                ili93xx_set_cursor_position
 .text.ili93xx_init
                0x004005d8      0x2e4 src/ASF/sam/components/display/ili93xx/ili93xx.o
                0x004005d8                ili93xx_init
 .text.ili93xx_draw_pixel
                0x004008bc       0x7c src/ASF/sam/components/display/ili93xx/ili93xx.o
                0x004008bc                ili93xx_draw_pixel
 .text.ili93xx_draw_filled_rectangle
                0x00400938       0xc4 src/ASF/sam/components/display/ili93xx/ili93xx.o
                0x00400938                ili93xx_draw_filled_rectangle
 .text.ili93xx_draw_line
                0x004009fc       0xcc src/ASF/sam/components/display/ili93xx/ili93xx.o
                0x004009fc                ili93xx_draw_line
 .text.ili93xx_draw_circle
                0x00400ac8       0x9c src/ASF/sam/components/display/ili93xx/ili93xx.o
                0x00400ac8                ili93xx_draw_circle
 .text.adc_init
                0x00400b64       0x34 src/ASF/sam/drivers/adc/adc.o
                0x00400b64                adc_init
 .text.adc_configure_trigger
                0x00400b98       0x10 src/ASF/sam/drivers/adc/adc.o
                0x00400b98                adc_configure_trigger
 .text.adc_configure_timing
                0x00400ba8       0x20 src/ASF/sam/drivers/adc/adc.o
                0x00400ba8                adc_configure_timing
 .text.adc_start
                0x00400bc8        0x8 src/ASF/sam/drivers/adc/adc.o
                0x00400bc8                adc_start
 .text.adc_enable_channel
                0x00400bd0        0x8 src/ASF/sam/drivers/adc/adc.o
                0x00400bd0                adc_enable_channel
 .text.adc_get_channel_value
                0x00400bd8       0x10 src/ASF/sam/drivers/adc/adc.o
                0x00400bd8                adc_get_channel_value
 .text.adc_enable_interrupt
                0x00400be8        0x4 src/ASF/sam/drivers/adc/adc.o
                0x00400be8                adc_enable_interrupt
 .text.adc_get_status
                0x00400bec        0x4 src/ASF/sam/drivers/adc/adc.o
                0x00400bec                adc_get_status
 .text.smc_set_setup_timing
                0x00400bf0        0x8 src/ASF/sam/drivers/ebi/smc/smc.o
                0x00400bf0                smc_set_setup_timing
 .text.smc_set_pulse_timing
                0x00400bf8        0x8 src/ASF/sam/drivers/ebi/smc/smc.o
                0x00400bf8                smc_set_pulse_timing
 .text.smc_set_cycle_timing
                0x00400c00        0x8 src/ASF/sam/drivers/ebi/smc/smc.o
                0x00400c00                smc_set_cycle_timing
 .text.smc_set_mode
                0x00400c08        0x8 src/ASF/sam/drivers/ebi/smc/smc.o
                0x00400c08                smc_set_mode
 .text.pio_set_peripheral
                0x00400c10       0x94 src/ASF/sam/drivers/pio/pio.o
                0x00400c10                pio_set_peripheral
 .text.pio_set_input
                0x00400ca4       0x34 src/ASF/sam/drivers/pio/pio.o
                0x00400ca4                pio_set_input
 .text.pio_set_output
                0x00400cd8       0x28 src/ASF/sam/drivers/pio/pio.o
                0x00400cd8                pio_set_output
 .text.pio_get_interrupt_status
                0x00400d00        0x4 src/ASF/sam/drivers/pio/pio.o
                0x00400d00                pio_get_interrupt_status
 .text.pio_get_interrupt_mask
                0x00400d04        0x4 src/ASF/sam/drivers/pio/pio.o
                0x00400d04                pio_get_interrupt_mask
 .text.pio_configure_pin
                0x00400d08      0x124 src/ASF/sam/drivers/pio/pio.o
                0x00400d08                pio_configure_pin
 .text.pio_configure_pin_group
                0x00400e2c       0xdc src/ASF/sam/drivers/pio/pio.o
                0x00400e2c                pio_configure_pin_group
 .text.pio_handler_process
                0x00400f08       0x68 src/ASF/sam/drivers/pio/pio_handler.o
                0x00400f08                pio_handler_process
 .text.PIOA_Handler
                0x00400f70       0x14 src/ASF/sam/drivers/pio/pio_handler.o
                0x00400f70                PIOA_Handler
 .text.PIOB_Handler
                0x00400f84       0x14 src/ASF/sam/drivers/pio/pio_handler.o
                0x00400f84                PIOB_Handler
 .text.PIOC_Handler
                0x00400f98       0x14 src/ASF/sam/drivers/pio/pio_handler.o
                0x00400f98                PIOC_Handler
 .text.pmc_switch_mck_to_pllack
                0x00400fac       0x68 src/ASF/sam/drivers/pmc/pmc.o
                0x00400fac                pmc_switch_mck_to_pllack
 .text.pmc_switch_mainck_to_xtal
                0x00401014       0x54 src/ASF/sam/drivers/pmc/pmc.o
                0x00401014                pmc_switch_mainck_to_xtal
 .text.pmc_osc_is_ready_mainck
                0x00401068       0x10 src/ASF/sam/drivers/pmc/pmc.o
                0x00401068                pmc_osc_is_ready_mainck
 .text.pmc_disable_pllack
                0x00401078       0x10 src/ASF/sam/drivers/pmc/pmc.o
                0x00401078                pmc_disable_pllack
 .text.pmc_is_locked_pllack
                0x00401088       0x10 src/ASF/sam/drivers/pmc/pmc.o
                0x00401088                pmc_is_locked_pllack
 .text.pmc_enable_periph_clk
                0x00401098       0x54 src/ASF/sam/drivers/pmc/pmc.o
                0x00401098                pmc_enable_periph_clk
 .text.tc_init  0x004010ec       0x1c src/ASF/sam/drivers/tc/tc.o
                0x004010ec                tc_init
 .text.tc_start
                0x00401108        0x8 src/ASF/sam/drivers/tc/tc.o
                0x00401108                tc_start
 .text.tc_write_rc
                0x00401110        0x8 src/ASF/sam/drivers/tc/tc.o
                0x00401110                tc_write_rc
 .text.tc_enable_interrupt
                0x00401118        0x8 src/ASF/sam/drivers/tc/tc.o
                0x00401118                tc_enable_interrupt
 .text.tc_get_status
                0x00401120        0x8 src/ASF/sam/drivers/tc/tc.o
                0x00401120                tc_get_status
 .text.Dummy_Handler
                0x00401128        0x4 src/ASF/sam/utils/cmsis/sam4s/source/templates/gcc/startup_sam4s.o
                0x00401128                DACC_Handler
                0x00401128                DebugMon_Handler
                0x00401128                HardFault_Handler
                0x00401128                TC2_Handler
                0x00401128                SPI_Handler
                0x00401128                SysTick_Handler
                0x00401128                TWI1_Handler
                0x00401128                PendSV_Handler
                0x00401128                NMI_Handler
                0x00401128                CRCCU_Handler
                0x00401128                USART0_Handler
                0x00401128                RTT_Handler
                0x00401128                EFC1_Handler
                0x00401128                RTC_Handler
                0x00401128                UsageFault_Handler
                0x00401128                WDT_Handler
                0x00401128                TC4_Handler
                0x00401128                TC1_Handler
                0x00401128                HSMCI_Handler
                0x00401128                UART1_Handler
                0x00401128                TC3_Handler
                0x00401128                Dummy_Handler
                0x00401128                TWI0_Handler
                0x00401128                USART1_Handler
                0x00401128                SSC_Handler
                0x00401128                EFC0_Handler
                0x00401128                ACC_Handler
                0x00401128                PMC_Handler
                0x00401128                PWM_Handler
                0x00401128                MemManage_Handler
                0x00401128                SUPC_Handler
                0x00401128                SVC_Handler
                0x00401128                UART0_Handler
                0x00401128                UDP_Handler
                0x00401128                BusFault_Handler
                0x00401128                RSTC_Handler
                0x00401128                TC5_Handler
 .text.Reset_Handler
                0x0040112c       0xb0 src/ASF/sam/utils/cmsis/sam4s/source/templates/gcc/startup_sam4s.o
                0x0040112c                Reset_Handler
 .text.SystemCoreClockUpdate
                0x004011dc      0x114 src/ASF/sam/utils/cmsis/sam4s/source/templates/system_sam4s.o
                0x004011dc                SystemCoreClockUpdate
 .text.system_init_flash
                0x004012f0       0x94 src/ASF/sam/utils/cmsis/sam4s/source/templates/system_sam4s.o
                0x004012f0                system_init_flash
 .text.configure_LCD
                0x00401384       0xf8 src/ili93xx_example.o
                0x00401384                configure_LCD
 .text.configure_ADC
                0x0040147c       0x80 src/ili93xx_example.o
                0x0040147c                configure_ADC
 .text.TC0_Handler
                0x004014fc       0x3c src/ili93xx_example.o
                0x004014fc                TC0_Handler
 .text.ADC_Handler
                0x00401538       0x24 src/ili93xx_example.o
                0x00401538                ADC_Handler
 .text.main     0x0040155c       0x7c src/ili93xx_example.o
                0x0040155c                main
 .text.__libc_init_array
                0x004015d8       0x50 c:/program files (x86)/atmel/studio/7.0/toolchain/arm/arm-gnu-toolchain/bin/../lib/gcc/arm-none-eabi/4.9.3/../../../../arm-none-eabi/lib/armv7e-m\libc.a(lib_a-init.o)
                0x004015d8                __libc_init_array
 .text.startup.register_fini
                0x00401628       0x14 c:/program files (x86)/atmel/studio/7.0/toolchain/arm/arm-gnu-toolchain/bin/../lib/gcc/arm-none-eabi/4.9.3/../../../../arm-none-eabi/lib/armv7e-m\libc.a(lib_a-__call_atexit.o)
 .text.atexit   0x0040163c        0xc c:/program files (x86)/atmel/studio/7.0/toolchain/arm/arm-gnu-toolchain/bin/../lib/gcc/arm-none-eabi/4.9.3/../../../../arm-none-eabi/lib/armv7e-m\libc.a(lib_a-atexit.o)
                0x0040163c                atexit
 .text.__libc_fini_array
                0x00401648       0x2c c:/program files (x86)/atmel/studio/7.0/toolchain/arm/arm-gnu-toolchain/bin/../lib/gcc/arm-none-eabi/4.9.3/../../../../arm-none-eabi/lib/armv7e-m\libc.a(lib_a-fini.o)
                0x00401648                __libc_fini_array
 .text.__register_exitproc
                0x00401674       0xa4 c:/program files (x86)/atmel/studio/7.0/toolchain/arm/arm-gnu-toolchain/bin/../lib/gcc/arm-none-eabi/4.9.3/../../../../arm-none-eabi/lib/armv7e-m\libc.a(lib_a-__atexit.o)
                0x00401674                __register_exitproc
 *(.glue_7t)
 .glue_7t       0x00000000        0x0 linker stubs
 *(.glue_7)
 .glue_7        0x00000000        0x0 linker stubs
 *(.rodata .rodata* .gnu.linkonce.r.*)
 .rodata.str1.4
                0x00401718        0x4 c:/program files (x86)/atmel/studio/7.0/toolchain/arm/arm-gnu-toolchain/bin/../lib/gcc/arm-none-eabi/4.9.3/../../../../arm-none-eabi/lib/armv7e-m\libc.a(lib_a-impure.o)
                                  0x2 (size before relaxing)
 .rodata._global_impure_ptr
                0x0040171c        0x4 c:/program files (x86)/atmel/studio/7.0/toolchain/arm/arm-gnu-toolchain/bin/../lib/gcc/arm-none-eabi/4.9.3/../../../../arm-none-eabi/lib/armv7e-m\libc.a(lib_a-impure.o)
                0x0040171c                _global_impure_ptr
 *(.ARM.extab* .gnu.linkonce.armextab.*)
                0x00401720                . = ALIGN (0x4)
 *(.init)
 .init          0x00401720        0x4 c:/program files (x86)/atmel/studio/7.0/toolchain/arm/arm-gnu-toolchain/bin/../lib/gcc/arm-none-eabi/4.9.3/armv7e-m/crti.o
                0x00401720                _init
 .init          0x00401724        0x8 c:/program files (x86)/atmel/studio/7.0/toolchain/arm/arm-gnu-toolchain/bin/../lib/gcc/arm-none-eabi/4.9.3/armv7e-m/crtn.o
                0x0040172c                . = ALIGN (0x4)
                0x0040172c                __preinit_array_start = .
 *(.preinit_array)
                0x0040172c                __preinit_array_end = .
                0x0040172c                . = ALIGN (0x4)
                0x0040172c                __init_array_start = .
 *(SORT(.init_array.*))
 .init_array.00000
                0x0040172c        0x4 c:/program files (x86)/atmel/studio/7.0/toolchain/arm/arm-gnu-toolchain/bin/../lib/gcc/arm-none-eabi/4.9.3/../../../../arm-none-eabi/lib/armv7e-m\libc.a(lib_a-__call_atexit.o)
 *(.init_array)
 .init_array    0x00401730        0x4 c:/program files (x86)/atmel/studio/7.0/toolchain/arm/arm-gnu-toolchain/bin/../lib/gcc/arm-none-eabi/4.9.3/armv7e-m/crtbegin.o
                0x00401734                __init_array_end = .
                0x00401734                . = ALIGN (0x4)
 *crtbegin.o(.ctors)
 *(EXCLUDE_FILE(*crtend.o) .ctors)
 *(SORT(.ctors.*))
 *crtend.o(.ctors)
                0x00401734                . = ALIGN (0x4)
 *(.fini)
 .fini          0x00401734        0x4 c:/program files (x86)/atmel/studio/7.0/toolchain/arm/arm-gnu-toolchain/bin/../lib/gcc/arm-none-eabi/4.9.3/armv7e-m/crti.o
                0x00401734                _fini
 .fini          0x00401738        0x8 c:/program files (x86)/atmel/studio/7.0/toolchain/arm/arm-gnu-toolchain/bin/../lib/gcc/arm-none-eabi/4.9.3/armv7e-m/crtn.o
                0x00401740                . = ALIGN (0x4)
                0x00401740                __fini_array_start = .
 *(.fini_array)
 .fini_array    0x00401740        0x4 c:/program files (x86)/atmel/studio/7.0/toolchain/arm/arm-gnu-toolchain/bin/../lib/gcc/arm-none-eabi/4.9.3/armv7e-m/crtbegin.o
 *(SORT(.fini_array.*))
                0x00401744                __fini_array_end = .
 *crtbegin.o(.dtors)
 *(EXCLUDE_FILE(*crtend.o) .dtors)
 *(SORT(.dtors.*))
 *crtend.o(.dtors)
                0x00401744                . = ALIGN (0x4)
                0x00401744                _efixed = .
                0x00401744                PROVIDE (__exidx_start, .)

.vfp11_veneer   0x00401744        0x0
 .vfp11_veneer  0x00000000        0x0 linker stubs

.v4_bx          0x00401744        0x0
 .v4_bx         0x00000000        0x0 linker stubs

.iplt           0x00401744        0x0
 .iplt          0x00000000        0x0 c:/program files (x86)/atmel/studio/7.0/toolchain/arm/arm-gnu-toolchain/bin/../lib/gcc/arm-none-eabi/4.9.3/armv7e-m/crtbegin.o

.eh_frame       0x00401744        0x0
 .eh_frame      0x00401744        0x0 c:/program files (x86)/atmel/studio/7.0/toolchain/arm/arm-gnu-toolchain/bin/../lib/gcc/arm-none-eabi/4.9.3/armv7e-m/crtbegin.o

.rel.dyn        0x00401744        0x0
 .rel.iplt      0x00000000        0x0 c:/program files (x86)/atmel/studio/7.0/toolchain/arm/arm-gnu-toolchain/bin/../lib/gcc/arm-none-eabi/4.9.3/armv7e-m/crtbegin.o

.jcr            0x00401744        0x0
 .jcr           0x00401744        0x0 c:/program files (x86)/atmel/studio/7.0/toolchain/arm/arm-gnu-toolchain/bin/../lib/gcc/arm-none-eabi/4.9.3/armv7e-m/crtbegin.o

.igot.plt       0x00401744        0x0
 .igot.plt      0x00000000        0x0 c:/program files (x86)/atmel/studio/7.0/toolchain/arm/arm-gnu-toolchain/bin/../lib/gcc/arm-none-eabi/4.9.3/armv7e-m/crtbegin.o

.ARM.exidx
 *(.ARM.exidx* .gnu.linkonce.armexidx.*)
                0x00401744                PROVIDE (__exidx_end, .)
                0x00401744                . = ALIGN (0x4)
                0x00401744                _etext = .

.relocate       0x20000000      0x438 load address 0x00401744
                0x20000000                . = ALIGN (0x4)
                0x20000000                _srelocate = .
 *(.ramfunc .ramfunc.*)
 *(.data .data.*)
 .data.g_ul_lcd_x_length
                0x20000000        0x4 src/ASF/sam/components/display/ili93xx/ili93xx.o
 .data.g_ul_lcd_y_length
                0x20000004        0x4 src/ASF/sam/components/display/ili93xx/ili93xx.o
 .data.SystemCoreClock
                0x20000008        0x4 src/ASF/sam/utils/cmsis/sam4s/source/templates/system_sam4s.o
                0x20000008                SystemCoreClock
 *fill*         0x2000000c        0x4 
 .data.impure_data
                0x20000010      0x428 c:/program files (x86)/atmel/studio/7.0/toolchain/arm/arm-gnu-toolchain/bin/../lib/gcc/arm-none-eabi/4.9.3/../../../../arm-none-eabi/lib/armv7e-m\libc.a(lib_a-impure.o)
                0x20000438                . = ALIGN (0x4)
                0x20000438                _erelocate = .

.bss            0x20000438      0x468 load address 0x00401b7c
                0x20000438                . = ALIGN (0x4)
                0x20000438                _sbss = .
                0x20000438                _szero = .
 *(.bss .bss.*)
 .bss           0x20000438       0x1c c:/program files (x86)/atmel/studio/7.0/toolchain/arm/arm-gnu-toolchain/bin/../lib/gcc/arm-none-eabi/4.9.3/armv7e-m/crtbegin.o
 .bss.g_ul_pixel_cache
                0x20000454      0x3c0 src/ASF/sam/components/display/ili93xx/ili93xx.o
 .bss.g_uc_device_type
                0x20000814        0x1 src/ASF/sam/components/display/ili93xx/ili93xx.o
 *fill*         0x20000815        0x3 
 .bss.pio_capture_handler
                0x20000818        0x4 src/ASF/sam/drivers/pio/pio_handler.o
 .bss.gs_interrupt_sources
                0x2000081c       0x70 src/ASF/sam/drivers/pio/pio_handler.o
 *(COMMON)
 COMMON         0x2000088c        0x4 src/ASF/sam/drivers/pio/pio.o
                0x2000088c                pio_capture_enable_flag
 COMMON         0x20000890       0x10 src/ili93xx_example.o
                0x20000890                g_ili93xx_display_opt
                0x200008a0                . = ALIGN (0x4)
                0x200008a0                _ebss = .
                0x200008a0                _ezero = .

.stack          0x200008a0     0x3000 load address 0x00401fe4
                0x200008a0                . = ALIGN (0x8)
                0x200008a0                _sstack = .
                0x200038a0                . = (. + __stack_size__)
 *fill*         0x200008a0     0x3000 
                0x200038a0                . = ALIGN (0x8)
                0x200038a0                _estack = .
                0x200038a0                . = ALIGN (0x4)
                0x200038a0                _end = .
OUTPUT(ILI93XX_EXAMPLE1.elf elf32-littlearm)

.ARM.attributes
                0x00000000       0x2a
 .ARM.attributes
                0x00000000       0x1e c:/program files (x86)/atmel/studio/7.0/toolchain/arm/arm-gnu-toolchain/bin/../lib/gcc/arm-none-eabi/4.9.3/armv7e-m/crti.o
 .ARM.attributes
                0x0000001e       0x2e c:/program files (x86)/atmel/studio/7.0/toolchain/arm/arm-gnu-toolchain/bin/../lib/gcc/arm-none-eabi/4.9.3/armv7e-m/crtbegin.o
 .ARM.attributes
                0x0000004c       0x33 src/ASF/common/services/clock/sam4s/sysclk.o
 .ARM.attributes
                0x0000007f       0x33 src/ASF/sam/boards/sam4s_ek2/init.o
 .ARM.attributes
                0x000000b2       0x33 src/ASF/sam/components/display/aat31xx/aat31xx.o
 .ARM.attributes
                0x000000e5       0x33 src/ASF/sam/components/display/ili93xx/ili93xx.o
 .ARM.attributes
                0x00000118       0x33 src/ASF/sam/drivers/adc/adc.o
 .ARM.attributes
                0x0000014b       0x33 src/ASF/sam/drivers/ebi/smc/smc.o
 .ARM.attributes
                0x0000017e       0x33 src/ASF/sam/drivers/pio/pio.o
 .ARM.attributes
                0x000001b1       0x33 src/ASF/sam/drivers/pio/pio_handler.o
 .ARM.attributes
                0x000001e4       0x33 src/ASF/sam/drivers/pmc/pmc.o
 .ARM.attributes
                0x00000217       0x33 src/ASF/sam/drivers/tc/tc.o
 .ARM.attributes
                0x0000024a       0x33 src/ASF/sam/utils/cmsis/sam4s/source/templates/gcc/startup_sam4s.o
 .ARM.attributes
                0x0000027d       0x33 src/ASF/sam/utils/cmsis/sam4s/source/templates/system_sam4s.o
 .ARM.attributes
                0x000002b0       0x33 src/ili93xx_example.o
 .ARM.attributes
                0x000002e3       0x2e c:/program files (x86)/atmel/studio/7.0/toolchain/arm/arm-gnu-toolchain/bin/../lib/gcc/arm-none-eabi/4.9.3/../../../../arm-none-eabi/lib/armv7e-m\libc.a(lib_a-impure.o)
 .ARM.attributes
                0x00000311       0x2e c:/program files (x86)/atmel/studio/7.0/toolchain/arm/arm-gnu-toolchain/bin/../lib/gcc/arm-none-eabi/4.9.3/../../../../arm-none-eabi/lib/armv7e-m\libc.a(lib_a-init.o)
 .ARM.attributes
                0x0000033f       0x2e c:/program files (x86)/atmel/studio/7.0/toolchain/arm/arm-gnu-toolchain/bin/../lib/gcc/arm-none-eabi/4.9.3/../../../../arm-none-eabi/lib/armv7e-m\libc.a(lib_a-__call_atexit.o)
 .ARM.attributes
                0x0000036d       0x2e c:/program files (x86)/atmel/studio/7.0/toolchain/arm/arm-gnu-toolchain/bin/../lib/gcc/arm-none-eabi/4.9.3/../../../../arm-none-eabi/lib/armv7e-m\libc.a(lib_a-atexit.o)
 .ARM.attributes
                0x0000039b       0x2e c:/program files (x86)/atmel/studio/7.0/toolchain/arm/arm-gnu-toolchain/bin/../lib/gcc/arm-none-eabi/4.9.3/../../../../arm-none-eabi/lib/armv7e-m\libc.a(lib_a-fini.o)
 .ARM.attributes
                0x000003c9       0x2e c:/program files (x86)/atmel/studio/7.0/toolchain/arm/arm-gnu-toolchain/bin/../lib/gcc/arm-none-eabi/4.9.3/../../../../arm-none-eabi/lib/armv7e-m\libc.a(lib_a-__atexit.o)
 .ARM.attributes
                0x000003f7       0x1e c:/program files (x86)/atmel/studio/7.0/toolchain/arm/arm-gnu-toolchain/bin/../lib/gcc/arm-none-eabi/4.9.3/armv7e-m/crtn.o

.comment        0x00000000       0x5b
 .comment       0x00000000       0x5b src/ASF/common/services/clock/sam4s/sysclk.o
                                 0x5c (size before relaxing)
 .comment       0x00000000       0x5c src/ASF/sam/boards/sam4s_ek2/init.o
 .comment       0x00000000       0x5c src/ASF/sam/components/display/aat31xx/aat31xx.o
 .comment       0x00000000       0x5c src/ASF/sam/components/display/ili93xx/ili93xx.o
 .comment       0x00000000       0x5c src/ASF/sam/drivers/adc/adc.o
 .comment       0x00000000       0x5c src/ASF/sam/drivers/ebi/smc/smc.o
 .comment       0x00000000       0x5c src/ASF/sam/drivers/pio/pio.o
 .comment       0x00000000       0x5c src/ASF/sam/drivers/pio/pio_handler.o
 .comment       0x00000000       0x5c src/ASF/sam/drivers/pmc/pmc.o
 .comment       0x00000000       0x5c src/ASF/sam/drivers/tc/tc.o
 .comment       0x00000000       0x5c src/ASF/sam/utils/cmsis/sam4s/source/templates/gcc/startup_sam4s.o
 .comment       0x00000000       0x5c src/ASF/sam/utils/cmsis/sam4s/source/templates/system_sam4s.o
 .comment       0x00000000       0x5c src/ili93xx_example.o

.debug_info     0x00000000     0xbfa6
 .debug_info    0x00000000      0x736 src/ASF/common/services/clock/sam4s/sysclk.o
 .debug_info    0x00000736      0x980 src/ASF/sam/boards/sam4s_ek2/init.o
 .debug_info    0x000010b6      0x8a6 src/ASF/sam/components/display/aat31xx/aat31xx.o
 .debug_info    0x0000195c     0x2aa4 src/ASF/sam/components/display/ili93xx/ili93xx.o
 .debug_info    0x00004400     0x11d4 src/ASF/sam/drivers/adc/adc.o
 .debug_info    0x000055d4      0x3dd src/ASF/sam/drivers/ebi/smc/smc.o
 .debug_info    0x000059b1     0x1951 src/ASF/sam/drivers/pio/pio.o
 .debug_info    0x00007302      0xf77 src/ASF/sam/drivers/pio/pio_handler.o
 .debug_info    0x00008279     0x10d2 src/ASF/sam/drivers/pmc/pmc.o
 .debug_info    0x0000934b      0x933 src/ASF/sam/drivers/tc/tc.o
 .debug_info    0x00009c7e      0x68d src/ASF/sam/utils/cmsis/sam4s/source/templates/gcc/startup_sam4s.o
 .debug_info    0x0000a30b      0x469 src/ASF/sam/utils/cmsis/sam4s/source/templates/system_sam4s.o
 .debug_info    0x0000a774     0x1832 src/ili93xx_example.o

.debug_abbrev   0x00000000     0x1ba5
 .debug_abbrev  0x00000000      0x221 src/ASF/common/services/clock/sam4s/sysclk.o
 .debug_abbrev  0x00000221      0x17c src/ASF/sam/boards/sam4s_ek2/init.o
 .debug_abbrev  0x0000039d      0x1d2 src/ASF/sam/components/display/aat31xx/aat31xx.o
 .debug_abbrev  0x0000056f      0x39f src/ASF/sam/components/display/ili93xx/ili93xx.o
 .debug_abbrev  0x0000090e      0x235 src/ASF/sam/drivers/adc/adc.o
 .debug_abbrev  0x00000b43      0x113 src/ASF/sam/drivers/ebi/smc/smc.o
 .debug_abbrev  0x00000c56      0x30b src/ASF/sam/drivers/pio/pio.o
 .debug_abbrev  0x00000f61      0x280 src/ASF/sam/drivers/pio/pio_handler.o
 .debug_abbrev  0x000011e1      0x277 src/ASF/sam/drivers/pmc/pmc.o
 .debug_abbrev  0x00001458      0x1ca src/ASF/sam/drivers/tc/tc.o
 .debug_abbrev  0x00001622      0x168 src/ASF/sam/utils/cmsis/sam4s/source/templates/gcc/startup_sam4s.o
 .debug_abbrev  0x0000178a       0xf5 src/ASF/sam/utils/cmsis/sam4s/source/templates/system_sam4s.o
 .debug_abbrev  0x0000187f      0x326 src/ili93xx_example.o

.debug_loc      0x00000000     0x57fb
 .debug_loc     0x00000000       0xed src/ASF/common/services/clock/sam4s/sysclk.o
 .debug_loc     0x000000ed       0x20 src/ASF/sam/boards/sam4s_ek2/init.o
 .debug_loc     0x0000010d       0xad src/ASF/sam/components/display/aat31xx/aat31xx.o
 .debug_loc     0x000001ba     0x22d7 src/ASF/sam/components/display/ili93xx/ili93xx.o
 .debug_loc     0x00002491      0x9a8 src/ASF/sam/drivers/adc/adc.o
 .debug_loc     0x00002e39       0xe7 src/ASF/sam/drivers/ebi/smc/smc.o
 .debug_loc     0x00002f20      0xdd7 src/ASF/sam/drivers/pio/pio.o
 .debug_loc     0x00003cf7      0x553 src/ASF/sam/drivers/pio/pio_handler.o
 .debug_loc     0x0000424a      0xd88 src/ASF/sam/drivers/pmc/pmc.o
 .debug_loc     0x00004fd2      0x6ab src/ASF/sam/drivers/tc/tc.o
 .debug_loc     0x0000567d       0xc6 src/ASF/sam/utils/cmsis/sam4s/source/templates/gcc/startup_sam4s.o
 .debug_loc     0x00005743       0xb8 src/ili93xx_example.o

.debug_aranges  0x00000000      0x930
 .debug_aranges
                0x00000000       0x30 src/ASF/common/services/clock/sam4s/sysclk.o
 .debug_aranges
                0x00000030       0x20 src/ASF/sam/boards/sam4s_ek2/init.o
 .debug_aranges
                0x00000050       0x28 src/ASF/sam/components/display/aat31xx/aat31xx.o
 .debug_aranges
                0x00000078      0x170 src/ASF/sam/components/display/ili93xx/ili93xx.o
 .debug_aranges
                0x000001e8      0x188 src/ASF/sam/drivers/adc/adc.o
 .debug_aranges
                0x00000370       0x50 src/ASF/sam/drivers/ebi/smc/smc.o
 .debug_aranges
                0x000003c0      0x1a8 src/ASF/sam/drivers/pio/pio.o
 .debug_aranges
                0x00000568       0x58 src/ASF/sam/drivers/pio/pio_handler.o
 .debug_aranges
                0x000005c0      0x208 src/ASF/sam/drivers/pmc/pmc.o
 .debug_aranges
                0x000007c8       0xd0 src/ASF/sam/drivers/tc/tc.o
 .debug_aranges
                0x00000898       0x28 src/ASF/sam/utils/cmsis/sam4s/source/templates/gcc/startup_sam4s.o
 .debug_aranges
                0x000008c0       0x30 src/ASF/sam/utils/cmsis/sam4s/source/templates/system_sam4s.o
 .debug_aranges
                0x000008f0       0x40 src/ili93xx_example.o

.debug_ranges   0x00000000      0x918
 .debug_ranges  0x00000000       0x20 src/ASF/common/services/clock/sam4s/sysclk.o
 .debug_ranges  0x00000020       0x10 src/ASF/sam/boards/sam4s_ek2/init.o
 .debug_ranges  0x00000030       0x30 src/ASF/sam/components/display/aat31xx/aat31xx.o
 .debug_ranges  0x00000060      0x200 src/ASF/sam/components/display/ili93xx/ili93xx.o
 .debug_ranges  0x00000260      0x178 src/ASF/sam/drivers/adc/adc.o
 .debug_ranges  0x000003d8       0x40 src/ASF/sam/drivers/ebi/smc/smc.o
 .debug_ranges  0x00000418      0x198 src/ASF/sam/drivers/pio/pio.o
 .debug_ranges  0x000005b0       0x48 src/ASF/sam/drivers/pio/pio_handler.o
 .debug_ranges  0x000005f8      0x1f8 src/ASF/sam/drivers/pmc/pmc.o
 .debug_ranges  0x000007f0       0xc0 src/ASF/sam/drivers/tc/tc.o
 .debug_ranges  0x000008b0       0x18 src/ASF/sam/utils/cmsis/sam4s/source/templates/gcc/startup_sam4s.o
 .debug_ranges  0x000008c8       0x20 src/ASF/sam/utils/cmsis/sam4s/source/templates/system_sam4s.o
 .debug_ranges  0x000008e8       0x30 src/ili93xx_example.o

.debug_macro    0x00000000    0x1374e
 .debug_macro   0x00000000      0x522 src/ASF/common/services/clock/sam4s/sysclk.o
 .debug_macro   0x00000522      0x89e src/ASF/common/services/clock/sam4s/sysclk.o
 .debug_macro   0x00000dc0      0x636 src/ASF/common/services/clock/sam4s/sysclk.o
 .debug_macro   0x000013f6       0x28 src/ASF/common/services/clock/sam4s/sysclk.o
 .debug_macro   0x0000141e      0x166 src/ASF/common/services/clock/sam4s/sysclk.o
 .debug_macro   0x00001584       0x76 src/ASF/common/services/clock/sam4s/sysclk.o
 .debug_macro   0x000015fa       0x16 src/ASF/common/services/clock/sam4s/sysclk.o
 .debug_macro   0x00001610      0x6e4 src/ASF/common/services/clock/sam4s/sysclk.o
 .debug_macro   0x00001cf4       0x22 src/ASF/common/services/clock/sam4s/sysclk.o
 .debug_macro   0x00001d16       0x44 src/ASF/common/services/clock/sam4s/sysclk.o
 .debug_macro   0x00001d5a       0x58 src/ASF/common/services/clock/sam4s/sysclk.o
 .debug_macro   0x00001db2       0x22 src/ASF/common/services/clock/sam4s/sysclk.o
 .debug_macro   0x00001dd4      0x1df src/ASF/common/services/clock/sam4s/sysclk.o
 .debug_macro   0x00001fb3       0x27 src/ASF/common/services/clock/sam4s/sysclk.o
 .debug_macro   0x00001fda       0x3b src/ASF/common/services/clock/sam4s/sysclk.o
 .debug_macro   0x00002015       0x2d src/ASF/common/services/clock/sam4s/sysclk.o
 .debug_macro   0x00002042       0x26 src/ASF/common/services/clock/sam4s/sysclk.o
 .debug_macro   0x00002068      0xbbf src/ASF/common/services/clock/sam4s/sysclk.o
 .debug_macro   0x00002c27      0x159 src/ASF/common/services/clock/sam4s/sysclk.o
 .debug_macro   0x00002d80      0xaaf src/ASF/common/services/clock/sam4s/sysclk.o
 .debug_macro   0x0000382f      0x284 src/ASF/common/services/clock/sam4s/sysclk.o
 .debug_macro   0x00003ab3      0x11e src/ASF/common/services/clock/sam4s/sysclk.o
 .debug_macro   0x00003bd1       0xac src/ASF/common/services/clock/sam4s/sysclk.o
 .debug_macro   0x00003c7d      0x401 src/ASF/common/services/clock/sam4s/sysclk.o
 .debug_macro   0x0000407e      0x106 src/ASF/common/services/clock/sam4s/sysclk.o
 .debug_macro   0x00004184       0x1c src/ASF/common/services/clock/sam4s/sysclk.o
 .debug_macro   0x000041a0      0x738 src/ASF/common/services/clock/sam4s/sysclk.o
 .debug_macro   0x000048d8      0x2d2 src/ASF/common/services/clock/sam4s/sysclk.o
 .debug_macro   0x00004baa       0xbe src/ASF/common/services/clock/sam4s/sysclk.o
 .debug_macro   0x00004c68     0x280b src/ASF/common/services/clock/sam4s/sysclk.o
 .debug_macro   0x00007473      0x777 src/ASF/common/services/clock/sam4s/sysclk.o
 .debug_macro   0x00007bea      0xa8e src/ASF/common/services/clock/sam4s/sysclk.o
 .debug_macro   0x00008678       0x9a src/ASF/common/services/clock/sam4s/sysclk.o
 .debug_macro   0x00008712      0x3d8 src/ASF/common/services/clock/sam4s/sysclk.o
 .debug_macro   0x00008aea       0x64 src/ASF/common/services/clock/sam4s/sysclk.o
 .debug_macro   0x00008b4e      0x1ae src/ASF/common/services/clock/sam4s/sysclk.o
 .debug_macro   0x00008cfc      0x386 src/ASF/common/services/clock/sam4s/sysclk.o
 .debug_macro   0x00009082      0x624 src/ASF/common/services/clock/sam4s/sysclk.o
 .debug_macro   0x000096a6      0x690 src/ASF/common/services/clock/sam4s/sysclk.o
 .debug_macro   0x00009d36      0x59f src/ASF/common/services/clock/sam4s/sysclk.o
 .debug_macro   0x0000a2d5      0x34d src/ASF/common/services/clock/sam4s/sysclk.o
 .debug_macro   0x0000a622      0x28c src/ASF/common/services/clock/sam4s/sysclk.o
 .debug_macro   0x0000a8ae      0x2d6 src/ASF/common/services/clock/sam4s/sysclk.o
 .debug_macro   0x0000ab84      0x6d9 src/ASF/common/services/clock/sam4s/sysclk.o
 .debug_macro   0x0000b25d       0x76 src/ASF/common/services/clock/sam4s/sysclk.o
 .debug_macro   0x0000b2d3       0xb8 src/ASF/common/services/clock/sam4s/sysclk.o
 .debug_macro   0x0000b38b       0xb2 src/ASF/common/services/clock/sam4s/sysclk.o
 .debug_macro   0x0000b43d       0x88 src/ASF/common/services/clock/sam4s/sysclk.o
 .debug_macro   0x0000b4c5      0x105 src/ASF/common/services/clock/sam4s/sysclk.o
 .debug_macro   0x0000b5ca      0x105 src/ASF/common/services/clock/sam4s/sysclk.o
 .debug_macro   0x0000b6cf       0x88 src/ASF/common/services/clock/sam4s/sysclk.o
 .debug_macro   0x0000b757       0x88 src/ASF/common/services/clock/sam4s/sysclk.o
 .debug_macro   0x0000b7df      0x2cd src/ASF/common/services/clock/sam4s/sysclk.o
 .debug_macro   0x0000baac       0xb2 src/ASF/common/services/clock/sam4s/sysclk.o
 .debug_macro   0x0000bb5e       0xb2 src/ASF/common/services/clock/sam4s/sysclk.o
 .debug_macro   0x0000bc10       0x52 src/ASF/common/services/clock/sam4s/sysclk.o
 .debug_macro   0x0000bc62       0xac src/ASF/common/services/clock/sam4s/sysclk.o
 .debug_macro   0x0000bd0e       0x7c src/ASF/common/services/clock/sam4s/sysclk.o
 .debug_macro   0x0000bd8a       0x40 src/ASF/common/services/clock/sam4s/sysclk.o
 .debug_macro   0x0000bdca       0x64 src/ASF/common/services/clock/sam4s/sysclk.o
 .debug_macro   0x0000be2e       0x46 src/ASF/common/services/clock/sam4s/sysclk.o
 .debug_macro   0x0000be74       0x88 src/ASF/common/services/clock/sam4s/sysclk.o
 .debug_macro   0x0000befc       0x4c src/ASF/common/services/clock/sam4s/sysclk.o
 .debug_macro   0x0000bf48       0xa6 src/ASF/common/services/clock/sam4s/sysclk.o
 .debug_macro   0x0000bfee       0x7c src/ASF/common/services/clock/sam4s/sysclk.o
 .debug_macro   0x0000c06a       0x16 src/ASF/common/services/clock/sam4s/sysclk.o
 .debug_macro   0x0000c080       0x7c src/ASF/common/services/clock/sam4s/sysclk.o
 .debug_macro   0x0000c0fc       0x22 src/ASF/common/services/clock/sam4s/sysclk.o
 .debug_macro   0x0000c11e       0x22 src/ASF/common/services/clock/sam4s/sysclk.o
 .debug_macro   0x0000c140      0x195 src/ASF/common/services/clock/sam4s/sysclk.o
 .debug_macro   0x0000c2d5      0x165 src/ASF/common/services/clock/sam4s/sysclk.o
 .debug_macro   0x0000c43a      0x165 src/ASF/common/services/clock/sam4s/sysclk.o
 .debug_macro   0x0000c59f       0x1c src/ASF/common/services/clock/sam4s/sysclk.o
 .debug_macro   0x0000c5bb       0x2e src/ASF/common/services/clock/sam4s/sysclk.o
 .debug_macro   0x0000c5e9       0x22 src/ASF/common/services/clock/sam4s/sysclk.o
 .debug_macro   0x0000c60b       0x1c src/ASF/common/services/clock/sam4s/sysclk.o
 .debug_macro   0x0000c627       0x52 src/ASF/common/services/clock/sam4s/sysclk.o
 .debug_macro   0x0000c679       0x10 src/ASF/common/services/clock/sam4s/sysclk.o
 .debug_macro   0x0000c689      0x234 src/ASF/common/services/clock/sam4s/sysclk.o
 .debug_macro   0x0000c8bd      0x938 src/ASF/common/services/clock/sam4s/sysclk.o
 .debug_macro   0x0000d1f5      0x12a src/ASF/common/services/clock/sam4s/sysclk.o
 .debug_macro   0x0000d31f       0x58 src/ASF/common/services/clock/sam4s/sysclk.o
 .debug_macro   0x0000d377       0x35 src/ASF/common/services/clock/sam4s/sysclk.o
 .debug_macro   0x0000d3ac       0x9c src/ASF/common/services/clock/sam4s/sysclk.o
 .debug_macro   0x0000d448       0x16 src/ASF/common/services/clock/sam4s/sysclk.o
 .debug_macro   0x0000d45e       0x35 src/ASF/common/services/clock/sam4s/sysclk.o
 .debug_macro   0x0000d493      0x29d src/ASF/common/services/clock/sam4s/sysclk.o
 .debug_macro   0x0000d730       0x10 src/ASF/common/services/clock/sam4s/sysclk.o
 .debug_macro   0x0000d740       0x52 src/ASF/common/services/clock/sam4s/sysclk.o
 .debug_macro   0x0000d792       0x16 src/ASF/common/services/clock/sam4s/sysclk.o
 .debug_macro   0x0000d7a8       0x43 src/ASF/common/services/clock/sam4s/sysclk.o
 .debug_macro   0x0000d7eb      0x180 src/ASF/common/services/clock/sam4s/sysclk.o
 .debug_macro   0x0000d96b       0x10 src/ASF/common/services/clock/sam4s/sysclk.o
 .debug_macro   0x0000d97b       0x22 src/ASF/common/services/clock/sam4s/sysclk.o
 .debug_macro   0x0000d99d       0xbe src/ASF/common/services/clock/sam4s/sysclk.o
 .debug_macro   0x0000da5b       0x16 src/ASF/common/services/clock/sam4s/sysclk.o
 .debug_macro   0x0000da71      0x197 src/ASF/common/services/clock/sam4s/sysclk.o
 .debug_macro   0x0000dc08       0x22 src/ASF/common/services/clock/sam4s/sysclk.o
 .debug_macro   0x0000dc2a       0x16 src/ASF/common/services/clock/sam4s/sysclk.o
 .debug_macro   0x0000dc40       0x16 src/ASF/common/services/clock/sam4s/sysclk.o
 .debug_macro   0x0000dc56       0x29 src/ASF/common/services/clock/sam4s/sysclk.o
 .debug_macro   0x0000dc7f       0x6e src/ASF/common/services/clock/sam4s/sysclk.o
 .debug_macro   0x0000dced       0x3f src/ASF/common/services/clock/sam4s/sysclk.o
 .debug_macro   0x0000dd2c      0x3ca src/ASF/common/services/clock/sam4s/sysclk.o
 .debug_macro   0x0000e0f6      0x288 src/ASF/common/services/clock/sam4s/sysclk.o
 .debug_macro   0x0000e37e      0xa49 src/ASF/common/services/clock/sam4s/sysclk.o
 .debug_macro   0x0000edc7       0x58 src/ASF/common/services/clock/sam4s/sysclk.o
 .debug_macro   0x0000ee1f       0x64 src/ASF/common/services/clock/sam4s/sysclk.o
 .debug_macro   0x0000ee83       0x46 src/ASF/common/services/clock/sam4s/sysclk.o
 .debug_macro   0x0000eec9       0x90 src/ASF/common/services/clock/sam4s/sysclk.o
 .debug_macro   0x0000ef59      0x561 src/ASF/sam/boards/sam4s_ek2/init.o
 .debug_macro   0x0000f4ba       0x22 src/ASF/sam/boards/sam4s_ek2/init.o
 .debug_macro   0x0000f4dc       0x94 src/ASF/sam/boards/sam4s_ek2/init.o
 .debug_macro   0x0000f570       0x40 src/ASF/sam/boards/sam4s_ek2/init.o
 .debug_macro   0x0000f5b0       0x82 src/ASF/sam/boards/sam4s_ek2/init.o
 .debug_macro   0x0000f632      0x570 src/ASF/sam/components/display/aat31xx/aat31xx.o
 .debug_macro   0x0000fba2       0x16 src/ASF/sam/components/display/aat31xx/aat31xx.o
 .debug_macro   0x0000fbb8      0x510 src/ASF/sam/components/display/ili93xx/ili93xx.o
 .debug_macro   0x000100c8       0x4a src/ASF/sam/components/display/ili93xx/ili93xx.o
 .debug_macro   0x00010112       0x10 src/ASF/sam/components/display/ili93xx/ili93xx.o
 .debug_macro   0x00010122       0x1c src/ASF/sam/components/display/ili93xx/ili93xx.o
 .debug_macro   0x0001013e       0x16 src/ASF/sam/components/display/ili93xx/ili93xx.o
 .debug_macro   0x00010154      0x14f src/ASF/sam/components/display/ili93xx/ili93xx.o
 .debug_macro   0x000102a3      0x287 src/ASF/sam/components/display/ili93xx/ili93xx.o
 .debug_macro   0x0001052a      0x7ed src/ASF/sam/components/display/ili93xx/ili93xx.o
 .debug_macro   0x00010d17      0x4c1 src/ASF/sam/drivers/adc/adc.o
 .debug_macro   0x000111d8       0x1c src/ASF/sam/drivers/adc/adc.o
 .debug_macro   0x000111f4      0x4d5 src/ASF/sam/drivers/ebi/smc/smc.o
 .debug_macro   0x000116c9      0x4bd src/ASF/sam/drivers/pio/pio.o
 .debug_macro   0x00011b86       0x8e src/ASF/sam/drivers/pio/pio.o
 .debug_macro   0x00011c14      0x4c7 src/ASF/sam/drivers/pio/pio_handler.o
 .debug_macro   0x000120db      0x4bd src/ASF/sam/drivers/pmc/pmc.o
 .debug_macro   0x00012598       0x52 src/ASF/sam/drivers/pmc/pmc.o
 .debug_macro   0x000125ea      0x4be src/ASF/sam/drivers/tc/tc.o
 .debug_macro   0x00012aa8      0x316 src/ASF/sam/utils/cmsis/sam4s/source/templates/gcc/startup_sam4s.o
 .debug_macro   0x00012dbe      0x31e src/ASF/sam/utils/cmsis/sam4s/source/templates/system_sam4s.o
 .debug_macro   0x000130dc      0x662 src/ili93xx_example.o
 .debug_macro   0x0001373e       0x10 src/ili93xx_example.o

.debug_line     0x00000000     0xa3e7
 .debug_line    0x00000000      0xb5d src/ASF/common/services/clock/sam4s/sysclk.o
 .debug_line    0x00000b5d      0xc22 src/ASF/sam/boards/sam4s_ek2/init.o
 .debug_line    0x0000177f      0xc2f src/ASF/sam/components/display/aat31xx/aat31xx.o
 .debug_line    0x000023ae     0x1233 src/ASF/sam/components/display/ili93xx/ili93xx.o
 .debug_line    0x000035e1      0xdd5 src/ASF/sam/drivers/adc/adc.o
 .debug_line    0x000043b6      0xad5 src/ASF/sam/drivers/ebi/smc/smc.o
 .debug_line    0x00004e8b      0xeb9 src/ASF/sam/drivers/pio/pio.o
 .debug_line    0x00005d44      0xade src/ASF/sam/drivers/pio/pio_handler.o
 .debug_line    0x00006822      0xfe5 src/ASF/sam/drivers/pmc/pmc.o
 .debug_line    0x00007807      0xbca src/ASF/sam/drivers/tc/tc.o
 .debug_line    0x000083d1      0x87d src/ASF/sam/utils/cmsis/sam4s/source/templates/gcc/startup_sam4s.o
 .debug_line    0x00008c4e      0x897 src/ASF/sam/utils/cmsis/sam4s/source/templates/system_sam4s.o
 .debug_line    0x000094e5      0xf02 src/ili93xx_example.o

.debug_str      0x00000000    0x583b1
 .debug_str     0x00000000    0x4e4de src/ASF/common/services/clock/sam4s/sysclk.o
                              0x4e85c (size before relaxing)
 .debug_str     0x0004e4de      0xbd1 src/ASF/sam/boards/sam4s_ek2/init.o
                              0x4f1a0 (size before relaxing)
 .debug_str     0x0004f0af      0x224 src/ASF/sam/components/display/aat31xx/aat31xx.o
                              0x4ed0b (size before relaxing)
 .debug_str     0x0004f2d3     0x65d4 src/ASF/sam/components/display/ili93xx/ili93xx.o
                              0x542b3 (size before relaxing)
 .debug_str     0x000558a7      0xa5d src/ASF/sam/drivers/adc/adc.o
                              0x4a6c6 (size before relaxing)
 .debug_str     0x00056304      0x190 src/ASF/sam/drivers/ebi/smc/smc.o
                              0x4ddd9 (size before relaxing)
 .debug_str     0x00056494      0x54c src/ASF/sam/drivers/pio/pio.o
                              0x4a80e (size before relaxing)
 .debug_str     0x000569e0      0x40b src/ASF/sam/drivers/pio/pio_handler.o
                              0x4a689 (size before relaxing)
 .debug_str     0x00056deb      0x6d5 src/ASF/sam/drivers/pmc/pmc.o
                              0x4a65d (size before relaxing)
 .debug_str     0x000574c0      0x2e2 src/ASF/sam/drivers/tc/tc.o
                              0x49f59 (size before relaxing)
 .debug_str     0x000577a2      0x40e src/ASF/sam/utils/cmsis/sam4s/source/templates/gcc/startup_sam4s.o
                              0x3b469 (size before relaxing)
 .debug_str     0x00057bb0       0xf1 src/ASF/sam/utils/cmsis/sam4s/source/templates/system_sam4s.o
                              0x3b232 (size before relaxing)
 .debug_str     0x00057ca1      0x710 src/ili93xx_example.o
                              0x55bfb (size before relaxing)

.debug_frame    0x00000000     0x160c
 .debug_frame   0x00000000       0x58 src/ASF/common/services/clock/sam4s/sysclk.o
 .debug_frame   0x00000058       0x2c src/ASF/sam/boards/sam4s_ek2/init.o
 .debug_frame   0x00000084       0x50 src/ASF/sam/components/display/aat31xx/aat31xx.o
 .debug_frame   0x000000d4      0x4d4 src/ASF/sam/components/display/ili93xx/ili93xx.o
 .debug_frame   0x000005a8      0x340 src/ASF/sam/drivers/adc/adc.o
 .debug_frame   0x000008e8       0x80 src/ASF/sam/drivers/ebi/smc/smc.o
 .debug_frame   0x00000968      0x38c src/ASF/sam/drivers/pio/pio.o
 .debug_frame   0x00000cf4       0xf4 src/ASF/sam/drivers/pio/pio_handler.o
 .debug_frame   0x00000de8      0x46c src/ASF/sam/drivers/pmc/pmc.o
 .debug_frame   0x00001254      0x1a4 src/ASF/sam/drivers/tc/tc.o
 .debug_frame   0x000013f8       0x38 src/ASF/sam/utils/cmsis/sam4s/source/templates/gcc/startup_sam4s.o
 .debug_frame   0x00001430       0x40 src/ASF/sam/utils/cmsis/sam4s/source/templates/system_sam4s.o
 .debug_frame   0x00001470       0x98 src/ili93xx_example.o
 .debug_frame   0x00001508       0x2c c:/program files (x86)/atmel/studio/7.0/toolchain/arm/arm-gnu-toolchain/bin/../lib/gcc/arm-none-eabi/4.9.3/../../../../arm-none-eabi/lib/armv7e-m\libc.a(lib_a-init.o)
 .debug_frame   0x00001534       0x50 c:/program files (x86)/atmel/studio/7.0/toolchain/arm/arm-gnu-toolchain/bin/../lib/gcc/arm-none-eabi/4.9.3/../../../../arm-none-eabi/lib/armv7e-m\libc.a(lib_a-__call_atexit.o)
 .debug_frame   0x00001584       0x20 c:/program files (x86)/atmel/studio/7.0/toolchain/arm/arm-gnu-toolchain/bin/../lib/gcc/arm-none-eabi/4.9.3/../../../../arm-none-eabi/lib/armv7e-m\libc.a(lib_a-atexit.o)
 .debug_frame   0x000015a4       0x34 c:/program files (x86)/atmel/studio/7.0/toolchain/arm/arm-gnu-toolchain/bin/../lib/gcc/arm-none-eabi/4.9.3/../../../../arm-none-eabi/lib/armv7e-m\libc.a(lib_a-fini.o)
 .debug_frame   0x000015d8       0x34 c:/program files (x86)/atmel/studio/7.0/toolchain/arm/arm-gnu-toolchain/bin/../lib/gcc/arm-none-eabi/4.9.3/../../../../arm-none-eabi/lib/armv7e-m\libc.a(lib_a-__atexit.o)

Cross Reference Table

Symbol                                            File
ACC_Handler                                       src/ASF/sam/utils/cmsis/sam4s/source/templates/gcc/startup_sam4s.o
ADC_Handler                                       src/ili93xx_example.o
                                                  src/ASF/sam/utils/cmsis/sam4s/source/templates/gcc/startup_sam4s.o
BusFault_Handler                                  src/ASF/sam/utils/cmsis/sam4s/source/templates/gcc/startup_sam4s.o
CRCCU_Handler                                     src/ASF/sam/utils/cmsis/sam4s/source/templates/gcc/startup_sam4s.o
DACC_Handler                                      src/ASF/sam/utils/cmsis/sam4s/source/templates/gcc/startup_sam4s.o
DebugMon_Handler                                  src/ASF/sam/utils/cmsis/sam4s/source/templates/gcc/startup_sam4s.o
Dummy_Handler                                     src/ASF/sam/utils/cmsis/sam4s/source/templates/gcc/startup_sam4s.o
EFC0_Handler                                      src/ASF/sam/utils/cmsis/sam4s/source/templates/gcc/startup_sam4s.o
EFC1_Handler                                      src/ASF/sam/utils/cmsis/sam4s/source/templates/gcc/startup_sam4s.o
HSMCI_Handler                                     src/ASF/sam/utils/cmsis/sam4s/source/templates/gcc/startup_sam4s.o
HardFault_Handler                                 src/ASF/sam/utils/cmsis/sam4s/source/templates/gcc/startup_sam4s.o
LED_Off                                           src/ASF/sam/boards/sam4s_ek2/led.o
LED_On                                            src/ASF/sam/boards/sam4s_ek2/led.o
MemManage_Handler                                 src/ASF/sam/utils/cmsis/sam4s/source/templates/gcc/startup_sam4s.o
NMI_Handler                                       src/ASF/sam/utils/cmsis/sam4s/source/templates/gcc/startup_sam4s.o
PIOA_Handler                                      src/ASF/sam/drivers/pio/pio_handler.o
PIOB_Handler                                      src/ASF/sam/drivers/pio/pio_handler.o
PIOC_Handler                                      src/ASF/sam/drivers/pio/pio_handler.o
PMC_Handler                                       src/ASF/sam/utils/cmsis/sam4s/source/templates/gcc/startup_sam4s.o
PWM_Handler                                       src/ASF/sam/utils/cmsis/sam4s/source/templates/gcc/startup_sam4s.o
PendSV_Handler                                    src/ASF/sam/utils/cmsis/sam4s/source/templates/gcc/startup_sam4s.o
RSTC_Handler                                      src/ASF/sam/utils/cmsis/sam4s/source/templates/gcc/startup_sam4s.o
RTC_Handler                                       src/ASF/sam/utils/cmsis/sam4s/source/templates/gcc/startup_sam4s.o
RTT_Handler                                       src/ASF/sam/utils/cmsis/sam4s/source/templates/gcc/startup_sam4s.o
Reset_Handler                                     src/ASF/sam/utils/cmsis/sam4s/source/templates/gcc/startup_sam4s.o
SPI_Handler                                       src/ASF/sam/utils/cmsis/sam4s/source/templates/gcc/startup_sam4s.o
SSC_Handler                                       src/ASF/sam/utils/cmsis/sam4s/source/templates/gcc/startup_sam4s.o
SUPC_Handler                                      src/ASF/sam/utils/cmsis/sam4s/source/templates/gcc/startup_sam4s.o
SVC_Handler                                       src/ASF/sam/utils/cmsis/sam4s/source/templates/gcc/startup_sam4s.o
SysTick_Handler                                   src/ASF/sam/utils/cmsis/sam4s/source/templates/gcc/startup_sam4s.o
SystemCoreClock                                   src/ASF/sam/utils/cmsis/sam4s/source/templates/system_sam4s.o
SystemCoreClockUpdate                             src/ASF/sam/utils/cmsis/sam4s/source/templates/system_sam4s.o
                                                  src/ASF/common/services/clock/sam4s/sysclk.o
SystemInit                                        src/ASF/sam/utils/cmsis/sam4s/source/templates/system_sam4s.o
TC0_Handler                                       src/ili93xx_example.o
                                                  src/ASF/sam/utils/cmsis/sam4s/source/templates/gcc/startup_sam4s.o
TC1_Handler                                       src/ASF/sam/utils/cmsis/sam4s/source/templates/gcc/startup_sam4s.o
TC2_Handler                                       src/ASF/sam/utils/cmsis/sam4s/source/templates/gcc/startup_sam4s.o
TC3_Handler                                       src/ASF/sam/utils/cmsis/sam4s/source/templates/gcc/startup_sam4s.o
TC4_Handler                                       src/ASF/sam/utils/cmsis/sam4s/source/templates/gcc/startup_sam4s.o
TC5_Handler                                       src/ASF/sam/utils/cmsis/sam4s/source/templates/gcc/startup_sam4s.o
TWI0_Handler                                      src/ASF/sam/utils/cmsis/sam4s/source/templates/gcc/startup_sam4s.o
TWI1_Handler                                      src/ASF/sam/utils/cmsis/sam4s/source/templates/gcc/startup_sam4s.o
UART0_Handler                                     src/ASF/sam/utils/cmsis/sam4s/source/templates/gcc/startup_sam4s.o
UART1_Handler                                     src/ASF/sam/utils/cmsis/sam4s/source/templates/gcc/startup_sam4s.o
UDP_Handler                                       src/ASF/sam/utils/cmsis/sam4s/source/templates/gcc/startup_sam4s.o
USART0_Handler                                    src/ASF/sam/utils/cmsis/sam4s/source/templates/gcc/startup_sam4s.o
USART1_Handler                                    src/ASF/sam/utils/cmsis/sam4s/source/templates/gcc/startup_sam4s.o
UsageFault_Handler                                src/ASF/sam/utils/cmsis/sam4s/source/templates/gcc/startup_sam4s.o
WDT_Handler                                       src/ASF/sam/utils/cmsis/sam4s/source/templates/gcc/startup_sam4s.o
_Jv_RegisterClasses                               c:/program files (x86)/atmel/studio/7.0/toolchain/arm/arm-gnu-toolchain/bin/../lib/gcc/arm-none-eabi/4.9.3/armv7e-m/crtbegin.o
_PathLocale                                       c:/program files (x86)/atmel/studio/7.0/toolchain/arm/arm-gnu-toolchain/bin/../lib/gcc/arm-none-eabi/4.9.3/../../../../arm-none-eabi/lib/armv7e-m\libc.a(lib_a-locale.o)
__aeabi_idiv0                                     c:/program files (x86)/atmel/studio/7.0/toolchain/arm/arm-gnu-toolchain/bin/../lib/gcc/arm-none-eabi/4.9.3/armv7e-m\libgcc.a(_dvmd_tls.o)
__aeabi_ldiv0                                     c:/program files (x86)/atmel/studio/7.0/toolchain/arm/arm-gnu-toolchain/bin/../lib/gcc/arm-none-eabi/4.9.3/armv7e-m\libgcc.a(_dvmd_tls.o)
                                                  c:/program files (x86)/atmel/studio/7.0/toolchain/arm/arm-gnu-toolchain/bin/../lib/gcc/arm-none-eabi/4.9.3/armv7e-m\libgcc.a(_aeabi_uldivmod.o)
__aeabi_uldivmod                                  c:/program files (x86)/atmel/studio/7.0/toolchain/arm/arm-gnu-toolchain/bin/../lib/gcc/arm-none-eabi/4.9.3/armv7e-m\libgcc.a(_aeabi_uldivmod.o)
                                                  c:/program files (x86)/atmel/studio/7.0/toolchain/arm/arm-gnu-toolchain/bin/../lib/gcc/arm-none-eabi/4.9.3/../../../../arm-none-eabi/lib/armv7e-m\libc.a(lib_a-vfiprintf.o)
__ascii_wctomb                                    c:/program files (x86)/atmel/studio/7.0/toolchain/arm/arm-gnu-toolchain/bin/../lib/gcc/arm-none-eabi/4.9.3/../../../../arm-none-eabi/lib/armv7e-m\libc.a(lib_a-wctomb_r.o)
__bss_end__                                       c:/program files (x86)/atmel/studio/7.0/toolchain/arm/arm-gnu-toolchain/bin/../lib/gcc/arm-none-eabi/4.9.3/../../../../arm-none-eabi/lib/armv7e-m/crt0.o
__bss_start__                                     c:/program files (x86)/atmel/studio/7.0/toolchain/arm/arm-gnu-toolchain/bin/../lib/gcc/arm-none-eabi/4.9.3/../../../../arm-none-eabi/lib/armv7e-m/crt0.o
__call_exitprocs                                  c:/program files (x86)/atmel/studio/7.0/toolchain/arm/arm-gnu-toolchain/bin/../lib/gcc/arm-none-eabi/4.9.3/../../../../arm-none-eabi/lib/armv7e-m\libc.a(lib_a-__call_atexit.o)
                                                  c:/program files (x86)/atmel/studio/7.0/toolchain/arm/arm-gnu-toolchain/bin/../lib/gcc/arm-none-eabi/4.9.3/../../../../arm-none-eabi/lib/armv7e-m\libc.a(lib_a-exit.o)
__deregister_frame_info                           c:/program files (x86)/atmel/studio/7.0/toolchain/arm/arm-gnu-toolchain/bin/../lib/gcc/arm-none-eabi/4.9.3/armv7e-m/crtbegin.o
__divdi3                                          c:/program files (x86)/atmel/studio/7.0/toolchain/arm/arm-gnu-toolchain/bin/../lib/gcc/arm-none-eabi/4.9.3/armv7e-m\libgcc.a(_divdi3.o)
                                                  c:/program files (x86)/atmel/studio/7.0/toolchain/arm/arm-gnu-toolchain/bin/../lib/gcc/arm-none-eabi/4.9.3/armv7e-m\libgcc.a(bpabi.o)
__dso_handle                                      c:/program files (x86)/atmel/studio/7.0/toolchain/arm/arm-gnu-toolchain/bin/../lib/gcc/arm-none-eabi/4.9.3/armv7e-m/crtbegin.o
__fini_array_end                                  c:/program files (x86)/atmel/studio/7.0/toolchain/arm/arm-gnu-toolchain/bin/../lib/gcc/arm-none-eabi/4.9.3/../../../../arm-none-eabi/lib/armv7e-m\libc.a(lib_a-fini.o)
__fini_array_start                                c:/program files (x86)/atmel/studio/7.0/toolchain/arm/arm-gnu-toolchain/bin/../lib/gcc/arm-none-eabi/4.9.3/../../../../arm-none-eabi/lib/armv7e-m\libc.a(lib_a-fini.o)
__fp_lock_all                                     c:/program files (x86)/atmel/studio/7.0/toolchain/arm/arm-gnu-toolchain/bin/../lib/gcc/arm-none-eabi/4.9.3/../../../../arm-none-eabi/lib/armv7e-m\libc.a(lib_a-findfp.o)
__fp_unlock_all                                   c:/program files (x86)/atmel/studio/7.0/toolchain/arm/arm-gnu-toolchain/bin/../lib/gcc/arm-none-eabi/4.9.3/../../../../arm-none-eabi/lib/armv7e-m\libc.a(lib_a-findfp.o)
__fputwc                                          c:/program files (x86)/atmel/studio/7.0/toolchain/arm/arm-gnu-toolchain/bin/../lib/gcc/arm-none-eabi/4.9.3/../../../../arm-none-eabi/lib/armv7e-m\libc.a(lib_a-fputwc.o)
__gnu_ldivmod_helper                              c:/program files (x86)/atmel/studio/7.0/toolchain/arm/arm-gnu-toolchain/bin/../lib/gcc/arm-none-eabi/4.9.3/armv7e-m\libgcc.a(bpabi.o)
__gnu_uldivmod_helper                             c:/program files (x86)/atmel/studio/7.0/toolchain/arm/arm-gnu-toolchain/bin/../lib/gcc/arm-none-eabi/4.9.3/armv7e-m\libgcc.a(bpabi.o)
                                                  c:/program files (x86)/atmel/studio/7.0/toolchain/arm/arm-gnu-toolchain/bin/../lib/gcc/arm-none-eabi/4.9.3/armv7e-m\libgcc.a(_aeabi_uldivmod.o)
__init_array_end                                  c:/program files (x86)/atmel/studio/7.0/toolchain/arm/arm-gnu-toolchain/bin/../lib/gcc/arm-none-eabi/4.9.3/../../../../arm-none-eabi/lib/armv7e-m\libc.a(lib_a-init.o)
__init_array_start                                c:/program files (x86)/atmel/studio/7.0/toolchain/arm/arm-gnu-toolchain/bin/../lib/gcc/arm-none-eabi/4.9.3/../../../../arm-none-eabi/lib/armv7e-m\libc.a(lib_a-init.o)
__libc_fini                                       c:/program files (x86)/atmel/studio/7.0/toolchain/arm/arm-gnu-toolchain/bin/../lib/gcc/arm-none-eabi/4.9.3/../../../../arm-none-eabi/lib/armv7e-m\libc.a(lib_a-__call_atexit.o)
__libc_fini_array                                 c:/program files (x86)/atmel/studio/7.0/toolchain/arm/arm-gnu-toolchain/bin/../lib/gcc/arm-none-eabi/4.9.3/../../../../arm-none-eabi/lib/armv7e-m\libc.a(lib_a-fini.o)
                                                  c:/program files (x86)/atmel/studio/7.0/toolchain/arm/arm-gnu-toolchain/bin/../lib/gcc/arm-none-eabi/4.9.3/../../../../arm-none-eabi/lib/armv7e-m\libc.a(lib_a-__call_atexit.o)
                                                  c:/program files (x86)/atmel/studio/7.0/toolchain/arm/arm-gnu-toolchain/bin/../lib/gcc/arm-none-eabi/4.9.3/../../../../arm-none-eabi/lib/armv7e-m/crt0.o
__libc_init_array                                 c:/program files (x86)/atmel/studio/7.0/toolchain/arm/arm-gnu-toolchain/bin/../lib/gcc/arm-none-eabi/4.9.3/../../../../arm-none-eabi/lib/armv7e-m\libc.a(lib_a-init.o)
                                                  src/ASF/sam/utils/cmsis/sam4s/source/templates/gcc/startup_sam4s.o
                                                  c:/program files (x86)/atmel/studio/7.0/toolchain/arm/arm-gnu-toolchain/bin/../lib/gcc/arm-none-eabi/4.9.3/../../../../arm-none-eabi/lib/armv7e-m/crt0.o
__locale_charset                                  c:/program files (x86)/atmel/studio/7.0/toolchain/arm/arm-gnu-toolchain/bin/../lib/gcc/arm-none-eabi/4.9.3/../../../../arm-none-eabi/lib/armv7e-m\libc.a(lib_a-locale.o)
                                                  c:/program files (x86)/atmel/studio/7.0/toolchain/arm/arm-gnu-toolchain/bin/../lib/gcc/arm-none-eabi/4.9.3/../../../../arm-none-eabi/lib/armv7e-m\libc.a(lib_a-wctomb_r.o)
                                                  c:/program files (x86)/atmel/studio/7.0/toolchain/arm/arm-gnu-toolchain/bin/../lib/gcc/arm-none-eabi/4.9.3/../../../../arm-none-eabi/lib/armv7e-m\libc.a(lib_a-wcrtomb.o)
__locale_cjk_lang                                 c:/program files (x86)/atmel/studio/7.0/toolchain/arm/arm-gnu-toolchain/bin/../lib/gcc/arm-none-eabi/4.9.3/../../../../arm-none-eabi/lib/armv7e-m\libc.a(lib_a-locale.o)
__locale_mb_cur_max                               c:/program files (x86)/atmel/studio/7.0/toolchain/arm/arm-gnu-toolchain/bin/../lib/gcc/arm-none-eabi/4.9.3/../../../../arm-none-eabi/lib/armv7e-m\libc.a(lib_a-locale.o)
                                                  c:/program files (x86)/atmel/studio/7.0/toolchain/arm/arm-gnu-toolchain/bin/../lib/gcc/arm-none-eabi/4.9.3/../../../../arm-none-eabi/lib/armv7e-m\libc.a(lib_a-fputwc.o)
__locale_msgcharset                               c:/program files (x86)/atmel/studio/7.0/toolchain/arm/arm-gnu-toolchain/bin/../lib/gcc/arm-none-eabi/4.9.3/../../../../arm-none-eabi/lib/armv7e-m\libc.a(lib_a-locale.o)
__malloc_av_                                      c:/program files (x86)/atmel/studio/7.0/toolchain/arm/arm-gnu-toolchain/bin/../lib/gcc/arm-none-eabi/4.9.3/../../../../arm-none-eabi/lib/armv7e-m\libc.a(lib_a-mallocr.o)
                                                  c:/program files (x86)/atmel/studio/7.0/toolchain/arm/arm-gnu-toolchain/bin/../lib/gcc/arm-none-eabi/4.9.3/../../../../arm-none-eabi/lib/armv7e-m\libc.a(lib_a-reallocr.o)
                                                  c:/program files (x86)/atmel/studio/7.0/toolchain/arm/arm-gnu-toolchain/bin/../lib/gcc/arm-none-eabi/4.9.3/../../../../arm-none-eabi/lib/armv7e-m\libc.a(lib_a-freer.o)
__malloc_current_mallinfo                         c:/program files (x86)/atmel/studio/7.0/toolchain/arm/arm-gnu-toolchain/bin/../lib/gcc/arm-none-eabi/4.9.3/../../../../arm-none-eabi/lib/armv7e-m\libc.a(lib_a-mallocr.o)
                                                  c:/program files (x86)/atmel/studio/7.0/toolchain/arm/arm-gnu-toolchain/bin/../lib/gcc/arm-none-eabi/4.9.3/../../../../arm-none-eabi/lib/armv7e-m\libc.a(lib_a-freer.o)
__malloc_lock                                     c:/program files (x86)/atmel/studio/7.0/toolchain/arm/arm-gnu-toolchain/bin/../lib/gcc/arm-none-eabi/4.9.3/../../../../arm-none-eabi/lib/armv7e-m\libc.a(lib_a-mlock.o)
                                                  c:/program files (x86)/atmel/studio/7.0/toolchain/arm/arm-gnu-toolchain/bin/../lib/gcc/arm-none-eabi/4.9.3/../../../../arm-none-eabi/lib/armv7e-m\libc.a(lib_a-reallocr.o)
                                                  c:/program files (x86)/atmel/studio/7.0/toolchain/arm/arm-gnu-toolchain/bin/../lib/gcc/arm-none-eabi/4.9.3/../../../../arm-none-eabi/lib/armv7e-m\libc.a(lib_a-mallocr.o)
                                                  c:/program files (x86)/atmel/studio/7.0/toolchain/arm/arm-gnu-toolchain/bin/../lib/gcc/arm-none-eabi/4.9.3/../../../../arm-none-eabi/lib/armv7e-m\libc.a(lib_a-freer.o)
__malloc_max_sbrked_mem                           c:/program files (x86)/atmel/studio/7.0/toolchain/arm/arm-gnu-toolchain/bin/../lib/gcc/arm-none-eabi/4.9.3/../../../../arm-none-eabi/lib/armv7e-m\libc.a(lib_a-mallocr.o)
__malloc_max_total_mem                            c:/program files (x86)/atmel/studio/7.0/toolchain/arm/arm-gnu-toolchain/bin/../lib/gcc/arm-none-eabi/4.9.3/../../../../arm-none-eabi/lib/armv7e-m\libc.a(lib_a-mallocr.o)
__malloc_sbrk_base                                c:/program files (x86)/atmel/studio/7.0/toolchain/arm/arm-gnu-toolchain/bin/../lib/gcc/arm-none-eabi/4.9.3/../../../../arm-none-eabi/lib/armv7e-m\libc.a(lib_a-mallocr.o)
                                                  c:/program files (x86)/atmel/studio/7.0/toolchain/arm/arm-gnu-toolchain/bin/../lib/gcc/arm-none-eabi/4.9.3/../../../../arm-none-eabi/lib/armv7e-m\libc.a(lib_a-freer.o)
__malloc_top_pad                                  c:/program files (x86)/atmel/studio/7.0/toolchain/arm/arm-gnu-toolchain/bin/../lib/gcc/arm-none-eabi/4.9.3/../../../../arm-none-eabi/lib/armv7e-m\libc.a(lib_a-mallocr.o)
                                                  c:/program files (x86)/atmel/studio/7.0/toolchain/arm/arm-gnu-toolchain/bin/../lib/gcc/arm-none-eabi/4.9.3/../../../../arm-none-eabi/lib/armv7e-m\libc.a(lib_a-freer.o)
__malloc_trim_threshold                           c:/program files (x86)/atmel/studio/7.0/toolchain/arm/arm-gnu-toolchain/bin/../lib/gcc/arm-none-eabi/4.9.3/../../../../arm-none-eabi/lib/armv7e-m\libc.a(lib_a-mallocr.o)
                                                  c:/program files (x86)/atmel/studio/7.0/toolchain/arm/arm-gnu-toolchain/bin/../lib/gcc/arm-none-eabi/4.9.3/../../../../arm-none-eabi/lib/armv7e-m\libc.a(lib_a-freer.o)
__malloc_unlock                                   c:/program files (x86)/atmel/studio/7.0/toolchain/arm/arm-gnu-toolchain/bin/../lib/gcc/arm-none-eabi/4.9.3/../../../../arm-none-eabi/lib/armv7e-m\libc.a(lib_a-mlock.o)
                                                  c:/program files (x86)/atmel/studio/7.0/toolchain/arm/arm-gnu-toolchain/bin/../lib/gcc/arm-none-eabi/4.9.3/../../../../arm-none-eabi/lib/armv7e-m\libc.a(lib_a-reallocr.o)
                                                  c:/program files (x86)/atmel/studio/7.0/toolchain/arm/arm-gnu-toolchain/bin/../lib/gcc/arm-none-eabi/4.9.3/../../../../arm-none-eabi/lib/armv7e-m\libc.a(lib_a-mallocr.o)
                                                  c:/program files (x86)/atmel/studio/7.0/toolchain/arm/arm-gnu-toolchain/bin/../lib/gcc/arm-none-eabi/4.9.3/../../../../arm-none-eabi/lib/armv7e-m\libc.a(lib_a-freer.o)
__mb_cur_max                                      c:/program files (x86)/atmel/studio/7.0/toolchain/arm/arm-gnu-toolchain/bin/../lib/gcc/arm-none-eabi/4.9.3/../../../../arm-none-eabi/lib/armv7e-m\libc.a(lib_a-locale.o)
__mlocale_changed                                 c:/program files (x86)/atmel/studio/7.0/toolchain/arm/arm-gnu-toolchain/bin/../lib/gcc/arm-none-eabi/4.9.3/../../../../arm-none-eabi/lib/armv7e-m\libc.a(lib_a-locale.o)
__nlocale_changed                                 c:/program files (x86)/atmel/studio/7.0/toolchain/arm/arm-gnu-toolchain/bin/../lib/gcc/arm-none-eabi/4.9.3/../../../../arm-none-eabi/lib/armv7e-m\libc.a(lib_a-locale.o)
__preinit_array_end                               c:/program files (x86)/atmel/studio/7.0/toolchain/arm/arm-gnu-toolchain/bin/../lib/gcc/arm-none-eabi/4.9.3/../../../../arm-none-eabi/lib/armv7e-m\libc.a(lib_a-init.o)
__preinit_array_start                             c:/program files (x86)/atmel/studio/7.0/toolchain/arm/arm-gnu-toolchain/bin/../lib/gcc/arm-none-eabi/4.9.3/../../../../arm-none-eabi/lib/armv7e-m\libc.a(lib_a-init.o)
__ram_end__                                       src/ASF/sam/utils/syscalls/gcc/syscalls.o
__register_exitproc                               c:/program files (x86)/atmel/studio/7.0/toolchain/arm/arm-gnu-toolchain/bin/../lib/gcc/arm-none-eabi/4.9.3/../../../../arm-none-eabi/lib/armv7e-m\libc.a(lib_a-__atexit.o)
                                                  c:/program files (x86)/atmel/studio/7.0/toolchain/arm/arm-gnu-toolchain/bin/../lib/gcc/arm-none-eabi/4.9.3/../../../../arm-none-eabi/lib/armv7e-m\libc.a(lib_a-atexit.o)
__register_frame_info                             c:/program files (x86)/atmel/studio/7.0/toolchain/arm/arm-gnu-toolchain/bin/../lib/gcc/arm-none-eabi/4.9.3/armv7e-m/crtbegin.o
__sclose                                          c:/program files (x86)/atmel/studio/7.0/toolchain/arm/arm-gnu-toolchain/bin/../lib/gcc/arm-none-eabi/4.9.3/../../../../arm-none-eabi/lib/armv7e-m\libc.a(lib_a-stdio.o)
                                                  c:/program files (x86)/atmel/studio/7.0/toolchain/arm/arm-gnu-toolchain/bin/../lib/gcc/arm-none-eabi/4.9.3/../../../../arm-none-eabi/lib/armv7e-m\libc.a(lib_a-findfp.o)
__seofread                                        c:/program files (x86)/atmel/studio/7.0/toolchain/arm/arm-gnu-toolchain/bin/../lib/gcc/arm-none-eabi/4.9.3/../../../../arm-none-eabi/lib/armv7e-m\libc.a(lib_a-stdio.o)
__sflush_r                                        c:/program files (x86)/atmel/studio/7.0/toolchain/arm/arm-gnu-toolchain/bin/../lib/gcc/arm-none-eabi/4.9.3/../../../../arm-none-eabi/lib/armv7e-m\libc.a(lib_a-fflush.o)
                                                  c:/program files (x86)/atmel/studio/7.0/toolchain/arm/arm-gnu-toolchain/bin/../lib/gcc/arm-none-eabi/4.9.3/../../../../arm-none-eabi/lib/armv7e-m\libc.a(lib_a-fclose.o)
__sfmoreglue                                      c:/program files (x86)/atmel/studio/7.0/toolchain/arm/arm-gnu-toolchain/bin/../lib/gcc/arm-none-eabi/4.9.3/../../../../arm-none-eabi/lib/armv7e-m\libc.a(lib_a-findfp.o)
__sfp                                             c:/program files (x86)/atmel/studio/7.0/toolchain/arm/arm-gnu-toolchain/bin/../lib/gcc/arm-none-eabi/4.9.3/../../../../arm-none-eabi/lib/armv7e-m\libc.a(lib_a-findfp.o)
__sfp_lock_acquire                                c:/program files (x86)/atmel/studio/7.0/toolchain/arm/arm-gnu-toolchain/bin/../lib/gcc/arm-none-eabi/4.9.3/../../../../arm-none-eabi/lib/armv7e-m\libc.a(lib_a-findfp.o)
                                                  c:/program files (x86)/atmel/studio/7.0/toolchain/arm/arm-gnu-toolchain/bin/../lib/gcc/arm-none-eabi/4.9.3/../../../../arm-none-eabi/lib/armv7e-m\libc.a(lib_a-fclose.o)
__sfp_lock_release                                c:/program files (x86)/atmel/studio/7.0/toolchain/arm/arm-gnu-toolchain/bin/../lib/gcc/arm-none-eabi/4.9.3/../../../../arm-none-eabi/lib/armv7e-m\libc.a(lib_a-findfp.o)
                                                  c:/program files (x86)/atmel/studio/7.0/toolchain/arm/arm-gnu-toolchain/bin/../lib/gcc/arm-none-eabi/4.9.3/../../../../arm-none-eabi/lib/armv7e-m\libc.a(lib_a-fclose.o)
__sfvwrite_r                                      c:/program files (x86)/atmel/studio/7.0/toolchain/arm/arm-gnu-toolchain/bin/../lib/gcc/arm-none-eabi/4.9.3/../../../../arm-none-eabi/lib/armv7e-m\libc.a(lib_a-fvwrite.o)
                                                  c:/program files (x86)/atmel/studio/7.0/toolchain/arm/arm-gnu-toolchain/bin/../lib/gcc/arm-none-eabi/4.9.3/../../../../arm-none-eabi/lib/armv7e-m\libc.a(lib_a-vfiprintf.o)
                                                  c:/program files (x86)/atmel/studio/7.0/toolchain/arm/arm-gnu-toolchain/bin/../lib/gcc/arm-none-eabi/4.9.3/../../../../arm-none-eabi/lib/armv7e-m\libc.a(lib_a-puts.o)
__sinit                                           c:/program files (x86)/atmel/studio/7.0/toolchain/arm/arm-gnu-toolchain/bin/../lib/gcc/arm-none-eabi/4.9.3/../../../../arm-none-eabi/lib/armv7e-m\libc.a(lib_a-findfp.o)
                                                  c:/program files (x86)/atmel/studio/7.0/toolchain/arm/arm-gnu-toolchain/bin/../lib/gcc/arm-none-eabi/4.9.3/../../../../arm-none-eabi/lib/armv7e-m\libc.a(lib_a-fclose.o)
                                                  c:/program files (x86)/atmel/studio/7.0/toolchain/arm/arm-gnu-toolchain/bin/../lib/gcc/arm-none-eabi/4.9.3/../../../../arm-none-eabi/lib/armv7e-m\libc.a(lib_a-wbuf.o)
                                                  c:/program files (x86)/atmel/studio/7.0/toolchain/arm/arm-gnu-toolchain/bin/../lib/gcc/arm-none-eabi/4.9.3/../../../../arm-none-eabi/lib/armv7e-m\libc.a(lib_a-fputwc.o)
                                                  c:/program files (x86)/atmel/studio/7.0/toolchain/arm/arm-gnu-toolchain/bin/../lib/gcc/arm-none-eabi/4.9.3/../../../../arm-none-eabi/lib/armv7e-m\libc.a(lib_a-fflush.o)
                                                  c:/program files (x86)/atmel/studio/7.0/toolchain/arm/arm-gnu-toolchain/bin/../lib/gcc/arm-none-eabi/4.9.3/../../../../arm-none-eabi/lib/armv7e-m\libc.a(lib_a-wsetup.o)
                                                  c:/program files (x86)/atmel/studio/7.0/toolchain/arm/arm-gnu-toolchain/bin/../lib/gcc/arm-none-eabi/4.9.3/../../../../arm-none-eabi/lib/armv7e-m\libc.a(lib_a-vfiprintf.o)
__sinit_lock_acquire                              c:/program files (x86)/atmel/studio/7.0/toolchain/arm/arm-gnu-toolchain/bin/../lib/gcc/arm-none-eabi/4.9.3/../../../../arm-none-eabi/lib/armv7e-m\libc.a(lib_a-findfp.o)
__sinit_lock_release                              c:/program files (x86)/atmel/studio/7.0/toolchain/arm/arm-gnu-toolchain/bin/../lib/gcc/arm-none-eabi/4.9.3/../../../../arm-none-eabi/lib/armv7e-m\libc.a(lib_a-findfp.o)
__smakebuf_r                                      c:/program files (x86)/atmel/studio/7.0/toolchain/arm/arm-gnu-toolchain/bin/../lib/gcc/arm-none-eabi/4.9.3/../../../../arm-none-eabi/lib/armv7e-m\libc.a(lib_a-makebuf.o)
                                                  c:/program files (x86)/atmel/studio/7.0/toolchain/arm/arm-gnu-toolchain/bin/../lib/gcc/arm-none-eabi/4.9.3/../../../../arm-none-eabi/lib/armv7e-m\libc.a(lib_a-wsetup.o)
__sprint_r                                        c:/program files (x86)/atmel/studio/7.0/toolchain/arm/arm-gnu-toolchain/bin/../lib/gcc/arm-none-eabi/4.9.3/../../../../arm-none-eabi/lib/armv7e-m\libc.a(lib_a-vfiprintf.o)
__sread                                           c:/program files (x86)/atmel/studio/7.0/toolchain/arm/arm-gnu-toolchain/bin/../lib/gcc/arm-none-eabi/4.9.3/../../../../arm-none-eabi/lib/armv7e-m\libc.a(lib_a-stdio.o)
                                                  c:/program files (x86)/atmel/studio/7.0/toolchain/arm/arm-gnu-toolchain/bin/../lib/gcc/arm-none-eabi/4.9.3/../../../../arm-none-eabi/lib/armv7e-m\libc.a(lib_a-findfp.o)
__sseek                                           c:/program files (x86)/atmel/studio/7.0/toolchain/arm/arm-gnu-toolchain/bin/../lib/gcc/arm-none-eabi/4.9.3/../../../../arm-none-eabi/lib/armv7e-m\libc.a(lib_a-stdio.o)
                                                  c:/program files (x86)/atmel/studio/7.0/toolchain/arm/arm-gnu-toolchain/bin/../lib/gcc/arm-none-eabi/4.9.3/../../../../arm-none-eabi/lib/armv7e-m\libc.a(lib_a-makebuf.o)
                                                  c:/program files (x86)/atmel/studio/7.0/toolchain/arm/arm-gnu-toolchain/bin/../lib/gcc/arm-none-eabi/4.9.3/../../../../arm-none-eabi/lib/armv7e-m\libc.a(lib_a-findfp.o)
__stack                                           c:/program files (x86)/atmel/studio/7.0/toolchain/arm/arm-gnu-toolchain/bin/../lib/gcc/arm-none-eabi/4.9.3/../../../../arm-none-eabi/lib/armv7e-m/crt0.o
__swbuf                                           c:/program files (x86)/atmel/studio/7.0/toolchain/arm/arm-gnu-toolchain/bin/../lib/gcc/arm-none-eabi/4.9.3/../../../../arm-none-eabi/lib/armv7e-m\libc.a(lib_a-wbuf.o)
__swbuf_r                                         c:/program files (x86)/atmel/studio/7.0/toolchain/arm/arm-gnu-toolchain/bin/../lib/gcc/arm-none-eabi/4.9.3/../../../../arm-none-eabi/lib/armv7e-m\libc.a(lib_a-wbuf.o)
                                                  c:/program files (x86)/atmel/studio/7.0/toolchain/arm/arm-gnu-toolchain/bin/../lib/gcc/arm-none-eabi/4.9.3/../../../../arm-none-eabi/lib/armv7e-m\libc.a(lib_a-fputwc.o)
__swrite                                          c:/program files (x86)/atmel/studio/7.0/toolchain/arm/arm-gnu-toolchain/bin/../lib/gcc/arm-none-eabi/4.9.3/../../../../arm-none-eabi/lib/armv7e-m\libc.a(lib_a-stdio.o)
                                                  c:/program files (x86)/atmel/studio/7.0/toolchain/arm/arm-gnu-toolchain/bin/../lib/gcc/arm-none-eabi/4.9.3/../../../../arm-none-eabi/lib/armv7e-m\libc.a(lib_a-findfp.o)
__swsetup_r                                       c:/program files (x86)/atmel/studio/7.0/toolchain/arm/arm-gnu-toolchain/bin/../lib/gcc/arm-none-eabi/4.9.3/../../../../arm-none-eabi/lib/armv7e-m\libc.a(lib_a-wsetup.o)
                                                  c:/program files (x86)/atmel/studio/7.0/toolchain/arm/arm-gnu-toolchain/bin/../lib/gcc/arm-none-eabi/4.9.3/../../../../arm-none-eabi/lib/armv7e-m\libc.a(lib_a-wbuf.o)
                                                  c:/program files (x86)/atmel/studio/7.0/toolchain/arm/arm-gnu-toolchain/bin/../lib/gcc/arm-none-eabi/4.9.3/../../../../arm-none-eabi/lib/armv7e-m\libc.a(lib_a-fvwrite.o)
                                                  c:/program files (x86)/atmel/studio/7.0/toolchain/arm/arm-gnu-toolchain/bin/../lib/gcc/arm-none-eabi/4.9.3/../../../../arm-none-eabi/lib/armv7e-m\libc.a(lib_a-vfiprintf.o)
__udivdi3                                         c:/program files (x86)/atmel/studio/7.0/toolchain/arm/arm-gnu-toolchain/bin/../lib/gcc/arm-none-eabi/4.9.3/armv7e-m\libgcc.a(_udivdi3.o)
                                                  c:/program files (x86)/atmel/studio/7.0/toolchain/arm/arm-gnu-toolchain/bin/../lib/gcc/arm-none-eabi/4.9.3/armv7e-m\libgcc.a(bpabi.o)
__wctomb                                          c:/program files (x86)/atmel/studio/7.0/toolchain/arm/arm-gnu-toolchain/bin/../lib/gcc/arm-none-eabi/4.9.3/../../../../arm-none-eabi/lib/armv7e-m\libc.a(lib_a-wctomb_r.o)
                                                  c:/program files (x86)/atmel/studio/7.0/toolchain/arm/arm-gnu-toolchain/bin/../lib/gcc/arm-none-eabi/4.9.3/../../../../arm-none-eabi/lib/armv7e-m\libc.a(lib_a-wcrtomb.o)
_cleanup                                          c:/program files (x86)/atmel/studio/7.0/toolchain/arm/arm-gnu-toolchain/bin/../lib/gcc/arm-none-eabi/4.9.3/../../../../arm-none-eabi/lib/armv7e-m\libc.a(lib_a-findfp.o)
_cleanup_r                                        c:/program files (x86)/atmel/studio/7.0/toolchain/arm/arm-gnu-toolchain/bin/../lib/gcc/arm-none-eabi/4.9.3/../../../../arm-none-eabi/lib/armv7e-m\libc.a(lib_a-findfp.o)
                                                  c:/program files (x86)/atmel/studio/7.0/toolchain/arm/arm-gnu-toolchain/bin/../lib/gcc/arm-none-eabi/4.9.3/../../../../arm-none-eabi/lib/armv7e-m\libc.a(lib_a-makebuf.o)
_close                                            src/ASF/sam/utils/syscalls/gcc/syscalls.o
                                                  c:/program files (x86)/atmel/studio/7.0/toolchain/arm/arm-gnu-toolchain/bin/../lib/gcc/arm-none-eabi/4.9.3/../../../../arm-none-eabi/lib/armv7e-m\libc.a(lib_a-closer.o)
_close_r                                          c:/program files (x86)/atmel/studio/7.0/toolchain/arm/arm-gnu-toolchain/bin/../lib/gcc/arm-none-eabi/4.9.3/../../../../arm-none-eabi/lib/armv7e-m\libc.a(lib_a-closer.o)
                                                  c:/program files (x86)/atmel/studio/7.0/toolchain/arm/arm-gnu-toolchain/bin/../lib/gcc/arm-none-eabi/4.9.3/../../../../arm-none-eabi/lib/armv7e-m\libc.a(lib_a-stdio.o)
_end                                              src/ASF/sam/utils/syscalls/gcc/syscalls.o
_erelocate                                        src/ASF/sam/utils/cmsis/sam4s/source/templates/gcc/startup_sam4s.o
_estack                                           src/ASF/sam/utils/cmsis/sam4s/source/templates/gcc/startup_sam4s.o
_etext                                            src/ASF/sam/utils/cmsis/sam4s/source/templates/gcc/startup_sam4s.o
_exit                                             src/ASF/sam/utils/syscalls/gcc/syscalls.o
                                                  c:/program files (x86)/atmel/studio/7.0/toolchain/arm/arm-gnu-toolchain/bin/../lib/gcc/arm-none-eabi/4.9.3/../../../../arm-none-eabi/lib/armv7e-m\libc.a(lib_a-exit.o)
_ezero                                            src/ASF/sam/utils/cmsis/sam4s/source/templates/gcc/startup_sam4s.o
_fclose_r                                         c:/program files (x86)/atmel/studio/7.0/toolchain/arm/arm-gnu-toolchain/bin/../lib/gcc/arm-none-eabi/4.9.3/../../../../arm-none-eabi/lib/armv7e-m\libc.a(lib_a-fclose.o)
                                                  c:/program files (x86)/atmel/studio/7.0/toolchain/arm/arm-gnu-toolchain/bin/../lib/gcc/arm-none-eabi/4.9.3/../../../../arm-none-eabi/lib/armv7e-m\libc.a(lib_a-findfp.o)
_fflush_r                                         c:/program files (x86)/atmel/studio/7.0/toolchain/arm/arm-gnu-toolchain/bin/../lib/gcc/arm-none-eabi/4.9.3/../../../../arm-none-eabi/lib/armv7e-m\libc.a(lib_a-fflush.o)
                                                  c:/program files (x86)/atmel/studio/7.0/toolchain/arm/arm-gnu-toolchain/bin/../lib/gcc/arm-none-eabi/4.9.3/../../../../arm-none-eabi/lib/armv7e-m\libc.a(lib_a-wbuf.o)
                                                  c:/program files (x86)/atmel/studio/7.0/toolchain/arm/arm-gnu-toolchain/bin/../lib/gcc/arm-none-eabi/4.9.3/../../../../arm-none-eabi/lib/armv7e-m\libc.a(lib_a-fvwrite.o)
                                                  c:/program files (x86)/atmel/studio/7.0/toolchain/arm/arm-gnu-toolchain/bin/../lib/gcc/arm-none-eabi/4.9.3/../../../../arm-none-eabi/lib/armv7e-m\libc.a(lib_a-vfiprintf.o)
_fini                                             c:/program files (x86)/atmel/studio/7.0/toolchain/arm/arm-gnu-toolchain/bin/../lib/gcc/arm-none-eabi/4.9.3/armv7e-m/crti.o
                                                  c:/program files (x86)/atmel/studio/7.0/toolchain/arm/arm-gnu-toolchain/bin/../lib/gcc/arm-none-eabi/4.9.3/../../../../arm-none-eabi/lib/armv7e-m\libc.a(lib_a-fini.o)
_fputwc_r                                         c:/program files (x86)/atmel/studio/7.0/toolchain/arm/arm-gnu-toolchain/bin/../lib/gcc/arm-none-eabi/4.9.3/../../../../arm-none-eabi/lib/armv7e-m\libc.a(lib_a-fputwc.o)
                                                  c:/program files (x86)/atmel/studio/7.0/toolchain/arm/arm-gnu-toolchain/bin/../lib/gcc/arm-none-eabi/4.9.3/../../../../arm-none-eabi/lib/armv7e-m\libc.a(lib_a-vfiprintf.o)
_free_r                                           c:/program files (x86)/atmel/studio/7.0/toolchain/arm/arm-gnu-toolchain/bin/../lib/gcc/arm-none-eabi/4.9.3/../../../../arm-none-eabi/lib/armv7e-m\libc.a(lib_a-freer.o)
                                                  c:/program files (x86)/atmel/studio/7.0/toolchain/arm/arm-gnu-toolchain/bin/../lib/gcc/arm-none-eabi/4.9.3/../../../../arm-none-eabi/lib/armv7e-m\libc.a(lib_a-reent.o)
                                                  c:/program files (x86)/atmel/studio/7.0/toolchain/arm/arm-gnu-toolchain/bin/../lib/gcc/arm-none-eabi/4.9.3/../../../../arm-none-eabi/lib/armv7e-m\libc.a(lib_a-fclose.o)
                                                  c:/program files (x86)/atmel/studio/7.0/toolchain/arm/arm-gnu-toolchain/bin/../lib/gcc/arm-none-eabi/4.9.3/../../../../arm-none-eabi/lib/armv7e-m\libc.a(lib_a-reallocr.o)
                                                  c:/program files (x86)/atmel/studio/7.0/toolchain/arm/arm-gnu-toolchain/bin/../lib/gcc/arm-none-eabi/4.9.3/../../../../arm-none-eabi/lib/armv7e-m\libc.a(lib_a-mallocr.o)
                                                  c:/program files (x86)/atmel/studio/7.0/toolchain/arm/arm-gnu-toolchain/bin/../lib/gcc/arm-none-eabi/4.9.3/../../../../arm-none-eabi/lib/armv7e-m\libc.a(lib_a-fvwrite.o)
                                                  c:/program files (x86)/atmel/studio/7.0/toolchain/arm/arm-gnu-toolchain/bin/../lib/gcc/arm-none-eabi/4.9.3/../../../../arm-none-eabi/lib/armv7e-m\libc.a(lib_a-fflush.o)
                                                  c:/program files (x86)/atmel/studio/7.0/toolchain/arm/arm-gnu-toolchain/bin/../lib/gcc/arm-none-eabi/4.9.3/../../../../arm-none-eabi/lib/armv7e-m\libc.a(lib_a-wsetup.o)
_fstat                                            src/ASF/sam/utils/syscalls/gcc/syscalls.o
                                                  c:/program files (x86)/atmel/studio/7.0/toolchain/arm/arm-gnu-toolchain/bin/../lib/gcc/arm-none-eabi/4.9.3/../../../../arm-none-eabi/lib/armv7e-m\libc.a(lib_a-fstatr.o)
_fstat_r                                          c:/program files (x86)/atmel/studio/7.0/toolchain/arm/arm-gnu-toolchain/bin/../lib/gcc/arm-none-eabi/4.9.3/../../../../arm-none-eabi/lib/armv7e-m\libc.a(lib_a-fstatr.o)
                                                  c:/program files (x86)/atmel/studio/7.0/toolchain/arm/arm-gnu-toolchain/bin/../lib/gcc/arm-none-eabi/4.9.3/../../../../arm-none-eabi/lib/armv7e-m\libc.a(lib_a-makebuf.o)
_fwalk                                            c:/program files (x86)/atmel/studio/7.0/toolchain/arm/arm-gnu-toolchain/bin/../lib/gcc/arm-none-eabi/4.9.3/../../../../arm-none-eabi/lib/armv7e-m\libc.a(lib_a-fwalk.o)
                                                  c:/program files (x86)/atmel/studio/7.0/toolchain/arm/arm-gnu-toolchain/bin/../lib/gcc/arm-none-eabi/4.9.3/../../../../arm-none-eabi/lib/armv7e-m\libc.a(lib_a-findfp.o)
_fwalk_reent                                      c:/program files (x86)/atmel/studio/7.0/toolchain/arm/arm-gnu-toolchain/bin/../lib/gcc/arm-none-eabi/4.9.3/../../../../arm-none-eabi/lib/armv7e-m\libc.a(lib_a-fwalk.o)
                                                  c:/program files (x86)/atmel/studio/7.0/toolchain/arm/arm-gnu-toolchain/bin/../lib/gcc/arm-none-eabi/4.9.3/../../../../arm-none-eabi/lib/armv7e-m\libc.a(lib_a-findfp.o)
                                                  c:/program files (x86)/atmel/studio/7.0/toolchain/arm/arm-gnu-toolchain/bin/../lib/gcc/arm-none-eabi/4.9.3/../../../../arm-none-eabi/lib/armv7e-m\libc.a(lib_a-fflush.o)
_getpid                                           src/ASF/sam/utils/syscalls/gcc/syscalls.o
_global_impure_ptr                                c:/program files (x86)/atmel/studio/7.0/toolchain/arm/arm-gnu-toolchain/bin/../lib/gcc/arm-none-eabi/4.9.3/../../../../arm-none-eabi/lib/armv7e-m\libc.a(lib_a-impure.o)
                                                  c:/program files (x86)/atmel/studio/7.0/toolchain/arm/arm-gnu-toolchain/bin/../lib/gcc/arm-none-eabi/4.9.3/../../../../arm-none-eabi/lib/armv7e-m\libc.a(lib_a-__atexit.o)
                                                  c:/program files (x86)/atmel/studio/7.0/toolchain/arm/arm-gnu-toolchain/bin/../lib/gcc/arm-none-eabi/4.9.3/../../../../arm-none-eabi/lib/armv7e-m\libc.a(lib_a-findfp.o)
                                                  c:/program files (x86)/atmel/studio/7.0/toolchain/arm/arm-gnu-toolchain/bin/../lib/gcc/arm-none-eabi/4.9.3/../../../../arm-none-eabi/lib/armv7e-m\libc.a(lib_a-fflush.o)
                                                  c:/program files (x86)/atmel/studio/7.0/toolchain/arm/arm-gnu-toolchain/bin/../lib/gcc/arm-none-eabi/4.9.3/../../../../arm-none-eabi/lib/armv7e-m\libc.a(lib_a-__call_atexit.o)
                                                  c:/program files (x86)/atmel/studio/7.0/toolchain/arm/arm-gnu-toolchain/bin/../lib/gcc/arm-none-eabi/4.9.3/../../../../arm-none-eabi/lib/armv7e-m\libc.a(lib_a-exit.o)
_impure_ptr                                       c:/program files (x86)/atmel/studio/7.0/toolchain/arm/arm-gnu-toolchain/bin/../lib/gcc/arm-none-eabi/4.9.3/../../../../arm-none-eabi/lib/armv7e-m\libc.a(lib_a-impure.o)
                                                  c:/program files (x86)/atmel/studio/7.0/toolchain/arm/arm-gnu-toolchain/bin/../lib/gcc/arm-none-eabi/4.9.3/../../../../arm-none-eabi/lib/armv7e-m\libc.a(lib_a-reent.o)
                                                  c:/program files (x86)/atmel/studio/7.0/toolchain/arm/arm-gnu-toolchain/bin/../lib/gcc/arm-none-eabi/4.9.3/../../../../arm-none-eabi/lib/armv7e-m\libc.a(lib_a-fclose.o)
                                                  c:/program files (x86)/atmel/studio/7.0/toolchain/arm/arm-gnu-toolchain/bin/../lib/gcc/arm-none-eabi/4.9.3/../../../../arm-none-eabi/lib/armv7e-m\libc.a(lib_a-wcrtomb.o)
                                                  c:/program files (x86)/atmel/studio/7.0/toolchain/arm/arm-gnu-toolchain/bin/../lib/gcc/arm-none-eabi/4.9.3/../../../../arm-none-eabi/lib/armv7e-m\libc.a(lib_a-wbuf.o)
                                                  c:/program files (x86)/atmel/studio/7.0/toolchain/arm/arm-gnu-toolchain/bin/../lib/gcc/arm-none-eabi/4.9.3/../../../../arm-none-eabi/lib/armv7e-m\libc.a(lib_a-locale.o)
                                                  c:/program files (x86)/atmel/studio/7.0/toolchain/arm/arm-gnu-toolchain/bin/../lib/gcc/arm-none-eabi/4.9.3/../../../../arm-none-eabi/lib/armv7e-m\libc.a(lib_a-fputwc.o)
                                                  c:/program files (x86)/atmel/studio/7.0/toolchain/arm/arm-gnu-toolchain/bin/../lib/gcc/arm-none-eabi/4.9.3/../../../../arm-none-eabi/lib/armv7e-m\libc.a(lib_a-findfp.o)
                                                  c:/program files (x86)/atmel/studio/7.0/toolchain/arm/arm-gnu-toolchain/bin/../lib/gcc/arm-none-eabi/4.9.3/../../../../arm-none-eabi/lib/armv7e-m\libc.a(lib_a-fflush.o)
                                                  c:/program files (x86)/atmel/studio/7.0/toolchain/arm/arm-gnu-toolchain/bin/../lib/gcc/arm-none-eabi/4.9.3/../../../../arm-none-eabi/lib/armv7e-m\libc.a(lib_a-wsetup.o)
                                                  c:/program files (x86)/atmel/studio/7.0/toolchain/arm/arm-gnu-toolchain/bin/../lib/gcc/arm-none-eabi/4.9.3/../../../../arm-none-eabi/lib/armv7e-m\libc.a(lib_a-vfiprintf.o)
                                                  c:/program files (x86)/atmel/studio/7.0/toolchain/arm/arm-gnu-toolchain/bin/../lib/gcc/arm-none-eabi/4.9.3/../../../../arm-none-eabi/lib/armv7e-m\libc.a(lib_a-puts.o)
                                                  c:/program files (x86)/atmel/studio/7.0/toolchain/arm/arm-gnu-toolchain/bin/../lib/gcc/arm-none-eabi/4.9.3/../../../../arm-none-eabi/lib/armv7e-m\libc.a(lib_a-iprintf.o)
_init                                             c:/program files (x86)/atmel/studio/7.0/toolchain/arm/arm-gnu-toolchain/bin/../lib/gcc/arm-none-eabi/4.9.3/armv7e-m/crti.o
                                                  c:/program files (x86)/atmel/studio/7.0/toolchain/arm/arm-gnu-toolchain/bin/../lib/gcc/arm-none-eabi/4.9.3/../../../../arm-none-eabi/lib/armv7e-m\libc.a(lib_a-init.o)
_iprintf_r                                        c:/program files (x86)/atmel/studio/7.0/toolchain/arm/arm-gnu-toolchain/bin/../lib/gcc/arm-none-eabi/4.9.3/../../../../arm-none-eabi/lib/armv7e-m\libc.a(lib_a-iprintf.o)
_isatty                                           src/ASF/sam/utils/syscalls/gcc/syscalls.o
                                                  c:/program files (x86)/atmel/studio/7.0/toolchain/arm/arm-gnu-toolchain/bin/../lib/gcc/arm-none-eabi/4.9.3/../../../../arm-none-eabi/lib/armv7e-m\libc.a(lib_a-isattyr.o)
_isatty_r                                         c:/program files (x86)/atmel/studio/7.0/toolchain/arm/arm-gnu-toolchain/bin/../lib/gcc/arm-none-eabi/4.9.3/../../../../arm-none-eabi/lib/armv7e-m\libc.a(lib_a-isattyr.o)
                                                  c:/program files (x86)/atmel/studio/7.0/toolchain/arm/arm-gnu-toolchain/bin/../lib/gcc/arm-none-eabi/4.9.3/../../../../arm-none-eabi/lib/armv7e-m\libc.a(lib_a-makebuf.o)
_kill                                             src/ASF/sam/utils/syscalls/gcc/syscalls.o
_localeconv_r                                     c:/program files (x86)/atmel/studio/7.0/toolchain/arm/arm-gnu-toolchain/bin/../lib/gcc/arm-none-eabi/4.9.3/../../../../arm-none-eabi/lib/armv7e-m\libc.a(lib_a-locale.o)
_lseek                                            src/ASF/sam/utils/syscalls/gcc/syscalls.o
                                                  c:/program files (x86)/atmel/studio/7.0/toolchain/arm/arm-gnu-toolchain/bin/../lib/gcc/arm-none-eabi/4.9.3/../../../../arm-none-eabi/lib/armv7e-m\libc.a(lib_a-lseekr.o)
_lseek_r                                          c:/program files (x86)/atmel/studio/7.0/toolchain/arm/arm-gnu-toolchain/bin/../lib/gcc/arm-none-eabi/4.9.3/../../../../arm-none-eabi/lib/armv7e-m\libc.a(lib_a-lseekr.o)